2025-10-31 11:46:26,687 - INFO - Loading training data...
2025-10-31 11:46:27,655 - INFO - Training samples: 21600
2025-10-31 11:46:27,655 - INFO - Loading test data...
2025-10-31 11:46:28,123 - INFO - Test samples: 10800
2025-10-31 11:46:28,123 - INFO - 
Training Part c model with [512] layer ...
2025-10-31 11:46:28,141 - INFO - ReLU: False
2025-10-31 11:46:31,598 - INFO - Epoch 0 | Train Loss=3.3756 | Val Loss=3.1492 | Train Acc=32.37% | Val Acc=30.65%
2025-10-31 11:50:15,607 - INFO - Epoch 50 | Train Loss=0.8400 | Val Loss=0.9505 | Train Acc=78.00% | Val Acc=74.17%
2025-10-31 11:54:46,401 - INFO - Epoch 100 | Train Loss=0.4994 | Val Loss=0.6972 | Train Acc=88.32% | Val Acc=81.44%
2025-10-31 11:57:57,477 - INFO - Epoch 150 | Train Loss=0.3023 | Val Loss=0.5637 | Train Acc=94.08% | Val Acc=85.42%
2025-10-31 12:02:16,316 - INFO - Epoch 200 | Train Loss=0.1917 | Val Loss=0.4973 | Train Acc=97.35% | Val Acc=86.30%
2025-10-31 12:05:22,946 - INFO - Epoch 250 | Train Loss=0.1267 | Val Loss=0.4613 | Train Acc=98.80% | Val Acc=87.22%
2025-10-31 12:08:24,870 - INFO - Epoch 300 | Train Loss=0.0874 | Val Loss=0.4434 | Train Acc=99.56% | Val Acc=87.64%
2025-10-31 12:11:31,117 - INFO - Epoch 350 | Train Loss=0.0631 | Val Loss=0.4323 | Train Acc=99.84% | Val Acc=88.01%
2025-10-31 12:14:35,854 - INFO - layer [512] | Train → Precision: 0.9879, Recall: 0.9879, F1: 0.9879 | Test → Precision: 0.8851, Recall: 0.8851, F1: 0.8851
2025-10-31 12:14:35,856 - INFO - Model Architecture [512] → Test Macro-F1 = 0.8850
2025-10-31 12:14:35,858 - INFO - Model Architecture [512] → Train Macro-F1 = 0.9879
Model: [512]
----Train----
Class  1 → P=0.997, R=0.997, F1=0.997
Class  2 → P=0.987, R=0.988, F1=0.988
Class  3 → P=0.985, R=0.988, F1=0.987
Class  4 → P=0.985, R=0.975, F1=0.980
Class  5 → P=0.992, R=0.977, F1=0.984
Class  6 → P=0.987, R=0.993, F1=0.990
Class  7 → P=0.980, R=0.975, F1=0.977
Class  8 → P=0.985, R=0.988, F1=0.987
Class  9 → P=0.993, R=0.997, F1=0.995
Class 10 → P=0.993, R=0.982, F1=0.987
Class 11 → P=0.995, R=0.995, F1=0.995
Class 12 → P=0.997, R=0.987, F1=0.992
Class 13 → P=0.977, R=0.983, F1=0.980
Class 14 → P=0.977, R=0.993, F1=0.985
Class 15 → P=0.988, R=0.988, F1=0.988
Class 16 → P=0.993, R=0.992, F1=0.992
Class 17 → P=0.988, R=0.977, F1=0.982
Class 18 → P=0.990, R=0.988, F1=0.989
Class 19 → P=0.980, R=0.985, F1=0.983
Class 20 → P=0.995, R=0.982, F1=0.988
Class 21 → P=0.980, R=0.992, F1=0.986
Class 22 → P=0.993, R=0.993, F1=0.993
Class 23 → P=0.988, R=0.980, F1=0.984
Class 24 → P=0.985, R=0.992, F1=0.988
Class 25 → P=0.992, R=0.997, F1=0.994
Class 26 → P=0.987, R=0.987, F1=0.987
Class 27 → P=0.993, R=0.998, F1=0.996
Class 28 → P=0.988, R=0.997, F1=0.993
Class 29 → P=0.988, R=0.987, F1=0.987
Class 30 → P=0.987, R=0.987, F1=0.987
Class 31 → P=0.988, R=0.988, F1=0.988
Class 32 → P=0.983, R=0.987, F1=0.985
Class 33 → P=0.987, R=0.983, F1=0.985
Class 34 → P=0.988, R=0.993, F1=0.991
Class 35 → P=0.982, R=0.990, F1=0.986
Class 36 → P=0.990, R=0.983, F1=0.987
----Test----
Class  1 → P=0.943, R=0.937, F1=0.940
Class  2 → P=0.857, R=0.857, F1=0.857
Class  3 → P=0.925, R=0.867, F1=0.895
Class  4 → P=0.821, R=0.857, F1=0.838
Class  5 → P=0.899, R=0.857, F1=0.877
Class  6 → P=0.889, R=0.907, F1=0.898
Class  7 → P=0.896, R=0.830, F1=0.862
Class  8 → P=0.869, R=0.907, F1=0.887
Class  9 → P=0.934, R=0.943, F1=0.939
Class 10 → P=0.942, R=0.920, F1=0.931
Class 11 → P=0.938, R=0.953, F1=0.945
Class 12 → P=0.928, R=0.940, F1=0.934
Class 13 → P=0.855, R=0.887, F1=0.871
Class 14 → P=0.863, R=0.907, F1=0.885
Class 15 → P=0.865, R=0.917, F1=0.890
Class 16 → P=0.905, R=0.953, F1=0.929
Class 17 → P=0.837, R=0.787, F1=0.811
Class 18 → P=0.874, R=0.853, F1=0.863
Class 19 → P=0.844, R=0.830, F1=0.837
Class 20 → P=0.849, R=0.827, F1=0.838
Class 21 → P=0.836, R=0.903, F1=0.869
Class 22 → P=0.934, R=0.940, F1=0.937
Class 23 → P=0.827, R=0.813, F1=0.820
Class 24 → P=0.913, R=0.870, F1=0.891
Class 25 → P=0.854, R=0.880, F1=0.867
Class 26 → P=0.821, R=0.853, F1=0.837
Class 27 → P=0.946, R=0.933, F1=0.940
Class 28 → P=0.930, R=0.923, F1=0.926
Class 29 → P=0.891, R=0.870, F1=0.880
Class 30 → P=0.863, R=0.903, F1=0.883
Class 31 → P=0.879, R=0.900, F1=0.890
Class 32 → P=0.894, R=0.817, F1=0.854
Class 33 → P=0.899, R=0.863, F1=0.881
Class 34 → P=0.872, R=0.907, F1=0.889
Class 35 → P=0.891, R=0.900, F1=0.896
Class 36 → P=0.898, R=0.853, F1=0.875
2025-10-31 12:14:35,860 - INFO - 
Training Part c model with [512, 256] layer ...
2025-10-31 12:14:35,898 - INFO - ReLU: False
2025-10-31 12:14:40,360 - INFO - Epoch 0 | Train Loss=3.5833 | Val Loss=3.5614 | Train Acc=3.34% | Val Acc=3.24%
2025-10-31 12:18:03,920 - INFO - Epoch 50 | Train Loss=1.0986 | Val Loss=1.1778 | Train Acc=70.41% | Val Acc=68.10%
2025-10-31 12:21:23,921 - INFO - Epoch 100 | Train Loss=0.6716 | Val Loss=0.8194 | Train Acc=82.29% | Val Acc=77.59%
2025-10-31 12:24:47,232 - INFO - Epoch 150 | Train Loss=0.3843 | Val Loss=0.6125 | Train Acc=91.02% | Val Acc=83.75%
2025-10-31 12:29:40,575 - INFO - Epoch 200 | Train Loss=0.2180 | Val Loss=0.5158 | Train Acc=95.99% | Val Acc=86.25%
2025-10-31 12:33:25,460 - INFO - Epoch 250 | Train Loss=0.1244 | Val Loss=0.4756 | Train Acc=98.63% | Val Acc=86.90%
2025-10-31 12:36:56,149 - INFO - Epoch 300 | Train Loss=0.0736 | Val Loss=0.4567 | Train Acc=99.63% | Val Acc=87.59%
2025-10-31 12:40:23,123 - INFO - Epoch 350 | Train Loss=0.0468 | Val Loss=0.4507 | Train Acc=99.94% | Val Acc=88.33%
2025-10-31 12:43:48,231 - INFO - layer [512, 256] | Train → Precision: 0.9882, Recall: 0.9882, F1: 0.9882 | Test → Precision: 0.8887, Recall: 0.8887, F1: 0.8887
2025-10-31 12:43:48,233 - INFO - Model Architecture [512, 256] → Test Macro-F1 = 0.8886
2025-10-31 12:43:48,235 - INFO - Model Architecture [512, 256] → Train Macro-F1 = 0.9882
Model: [512, 256]
----Train----
Class  1 → P=0.995, R=1.000, F1=0.998
Class  2 → P=0.983, R=0.987, F1=0.985
Class  3 → P=0.990, R=0.987, F1=0.988
Class  4 → P=0.985, R=0.983, F1=0.984
Class  5 → P=0.990, R=0.985, F1=0.987
Class  6 → P=0.990, R=0.988, F1=0.989
Class  7 → P=0.995, R=0.987, F1=0.991
Class  8 → P=0.987, R=0.993, F1=0.990
Class  9 → P=0.993, R=0.995, F1=0.994
Class 10 → P=0.992, R=0.987, F1=0.989
Class 11 → P=0.987, R=0.993, F1=0.990
Class 12 → P=0.987, R=0.993, F1=0.990
Class 13 → P=0.988, R=0.987, F1=0.987
Class 14 → P=0.997, R=0.987, F1=0.992
Class 15 → P=0.992, R=0.997, F1=0.994
Class 16 → P=0.997, R=0.995, F1=0.996
Class 17 → P=0.985, R=0.982, F1=0.983
Class 18 → P=0.983, R=0.988, F1=0.986
Class 19 → P=0.985, R=0.985, F1=0.985
Class 20 → P=0.988, R=0.993, F1=0.991
Class 21 → P=0.980, R=0.995, F1=0.988
Class 22 → P=0.995, R=0.992, F1=0.993
Class 23 → P=0.983, R=0.973, F1=0.978
Class 24 → P=0.993, R=0.987, F1=0.990
Class 25 → P=0.982, R=0.988, F1=0.985
Class 26 → P=0.988, R=0.978, F1=0.983
Class 27 → P=0.993, R=0.998, F1=0.996
Class 28 → P=0.992, R=0.992, F1=0.992
Class 29 → P=0.987, R=0.975, F1=0.981
Class 30 → P=0.988, R=0.983, F1=0.986
Class 31 → P=0.983, R=0.990, F1=0.987
Class 32 → P=0.979, R=0.988, F1=0.983
Class 33 → P=0.985, R=0.983, F1=0.984
Class 34 → P=0.987, R=0.992, F1=0.989
Class 35 → P=0.987, R=0.988, F1=0.988
Class 36 → P=0.987, R=0.982, F1=0.984
----Test----
Class  1 → P=0.928, R=0.950, F1=0.939
Class  2 → P=0.872, R=0.863, F1=0.868
Class  3 → P=0.890, R=0.890, F1=0.890
Class  4 → P=0.805, R=0.853, F1=0.828
Class  5 → P=0.873, R=0.873, F1=0.873
Class  6 → P=0.871, R=0.903, F1=0.887
Class  7 → P=0.866, R=0.860, F1=0.863
Class  8 → P=0.879, R=0.893, F1=0.886
Class  9 → P=0.966, R=0.950, F1=0.958
Class 10 → P=0.943, R=0.930, F1=0.936
Class 11 → P=0.956, R=0.950, F1=0.953
Class 12 → P=0.940, R=0.940, F1=0.940
Class 13 → P=0.863, R=0.880, F1=0.871
Class 14 → P=0.896, R=0.917, F1=0.906
Class 15 → P=0.912, R=0.933, F1=0.923
Class 16 → P=0.923, R=0.960, F1=0.941
Class 17 → P=0.862, R=0.810, F1=0.835
Class 18 → P=0.873, R=0.850, F1=0.861
Class 19 → P=0.843, R=0.840, F1=0.841
Class 20 → P=0.850, R=0.850, F1=0.850
Class 21 → P=0.856, R=0.890, F1=0.873
Class 22 → P=0.952, R=0.933, F1=0.943
Class 23 → P=0.846, R=0.827, F1=0.836
Class 24 → P=0.901, R=0.850, F1=0.875
Class 25 → P=0.853, R=0.850, F1=0.851
Class 26 → P=0.875, R=0.837, F1=0.855
Class 27 → P=0.946, R=0.930, F1=0.938
Class 28 → P=0.906, R=0.930, F1=0.918
Class 29 → P=0.867, R=0.867, F1=0.867
Class 30 → P=0.868, R=0.900, F1=0.884
Class 31 → P=0.850, R=0.907, F1=0.877
Class 32 → P=0.868, R=0.830, F1=0.848
Class 33 → P=0.883, R=0.857, F1=0.870
Class 34 → P=0.891, R=0.900, F1=0.896
Class 35 → P=0.906, R=0.903, F1=0.905
Class 36 → P=0.924, R=0.887, F1=0.905
2025-10-31 12:43:48,239 - INFO - 
Training Part c model with [512, 256, 128] layer ...
2025-10-31 12:43:48,276 - INFO - ReLU: False
2025-10-31 12:43:53,125 - INFO - Epoch 0 | Train Loss=3.5978 | Val Loss=3.5847 | Train Acc=3.09% | Val Acc=3.29%
2025-10-31 12:47:45,368 - INFO - Epoch 50 | Train Loss=1.7912 | Val Loss=1.7798 | Train Acc=51.06% | Val Acc=50.83%
2025-10-31 12:51:30,865 - INFO - Epoch 100 | Train Loss=0.9706 | Val Loss=1.0551 | Train Acc=73.62% | Val Acc=70.19%
2025-10-31 12:54:59,747 - INFO - Epoch 150 | Train Loss=0.4765 | Val Loss=0.6916 | Train Acc=88.31% | Val Acc=80.69%
2025-10-31 12:58:30,870 - INFO - Epoch 200 | Train Loss=0.2079 | Val Loss=0.5633 | Train Acc=96.61% | Val Acc=83.84%
2025-10-31 13:01:54,679 - INFO - Epoch 250 | Train Loss=0.0867 | Val Loss=0.5366 | Train Acc=99.53% | Val Acc=85.65%
2025-10-31 13:05:24,062 - INFO - Epoch 300 | Train Loss=0.0424 | Val Loss=0.5441 | Train Acc=99.95% | Val Acc=85.60%
2025-10-31 13:08:46,957 - INFO - Epoch 350 | Train Loss=0.0251 | Val Loss=0.5540 | Train Acc=99.99% | Val Acc=85.42%
2025-10-31 13:12:12,809 - INFO - layer [512, 256, 128] | Train → Precision: 0.9856, Recall: 0.9856, F1: 0.9856 | Test → Precision: 0.8632, Recall: 0.8632, F1: 0.8632
2025-10-31 13:12:12,811 - INFO - Model Architecture [512, 256, 128] → Test Macro-F1 = 0.8631
2025-10-31 13:12:12,813 - INFO - Model Architecture [512, 256, 128] → Train Macro-F1 = 0.9856
Model: [512, 256, 128]
----Train----
Class  1 → P=0.993, R=0.985, F1=0.989
Class  2 → P=0.986, R=0.973, F1=0.980
Class  3 → P=0.983, R=0.988, F1=0.986
Class  4 → P=0.978, R=0.985, F1=0.982
Class  5 → P=0.982, R=0.982, F1=0.982
Class  6 → P=0.988, R=0.983, F1=0.986
Class  7 → P=0.983, R=0.990, F1=0.987
Class  8 → P=0.993, R=0.992, F1=0.992
Class  9 → P=0.990, R=0.993, F1=0.992
Class 10 → P=0.979, R=0.995, F1=0.987
Class 11 → P=0.995, R=0.992, F1=0.993
Class 12 → P=0.992, R=0.992, F1=0.992
Class 13 → P=0.975, R=0.980, F1=0.978
Class 14 → P=0.988, R=0.995, F1=0.992
Class 15 → P=0.995, R=0.975, F1=0.985
Class 16 → P=0.988, R=0.997, F1=0.993
Class 17 → P=0.986, R=0.957, F1=0.971
Class 18 → P=0.990, R=0.985, F1=0.987
Class 19 → P=0.979, R=0.993, F1=0.986
Class 20 → P=0.980, R=0.980, F1=0.980
Class 21 → P=0.980, R=0.985, F1=0.983
Class 22 → P=0.990, R=0.993, F1=0.992
Class 23 → P=0.982, R=0.993, F1=0.988
Class 24 → P=0.988, R=0.990, F1=0.989
Class 25 → P=0.973, R=0.975, F1=0.974
Class 26 → P=0.966, R=0.980, F1=0.973
Class 27 → P=0.995, R=0.992, F1=0.993
Class 28 → P=0.990, R=0.992, F1=0.991
Class 29 → P=0.983, R=0.983, F1=0.983
Class 30 → P=0.990, R=0.985, F1=0.987
Class 31 → P=0.974, R=0.992, F1=0.983
Class 32 → P=0.981, R=0.968, F1=0.975
Class 33 → P=0.988, R=0.982, F1=0.985
Class 34 → P=0.990, R=0.988, F1=0.989
Class 35 → P=0.995, R=0.982, F1=0.988
Class 36 → P=0.992, R=0.990, F1=0.991
----Test----
Class  1 → P=0.912, R=0.933, F1=0.923
Class  2 → P=0.829, R=0.793, F1=0.811
Class  3 → P=0.886, R=0.853, F1=0.869
Class  4 → P=0.793, R=0.830, F1=0.811
Class  5 → P=0.856, R=0.810, F1=0.832
Class  6 → P=0.883, R=0.880, F1=0.881
Class  7 → P=0.830, R=0.847, F1=0.838
Class  8 → P=0.871, R=0.880, F1=0.876
Class  9 → P=0.928, R=0.947, F1=0.937
Class 10 → P=0.885, R=0.923, F1=0.904
Class 11 → P=0.969, R=0.940, F1=0.954
Class 12 → P=0.914, R=0.927, F1=0.921
Class 13 → P=0.852, R=0.867, F1=0.860
Class 14 → P=0.880, R=0.927, F1=0.903
Class 15 → P=0.843, R=0.877, F1=0.859
Class 16 → P=0.893, R=0.943, F1=0.917
Class 17 → P=0.810, R=0.797, F1=0.803
Class 18 → P=0.883, R=0.830, F1=0.856
Class 19 → P=0.841, R=0.827, F1=0.834
Class 20 → P=0.818, R=0.853, F1=0.835
Class 21 → P=0.802, R=0.867, F1=0.833
Class 22 → P=0.914, R=0.923, F1=0.919
Class 23 → P=0.784, R=0.797, F1=0.790
Class 24 → P=0.867, R=0.850, F1=0.859
Class 25 → P=0.827, R=0.810, F1=0.818
Class 26 → P=0.790, R=0.763, F1=0.776
Class 27 → P=0.939, R=0.927, F1=0.933
Class 28 → P=0.881, R=0.890, F1=0.886
Class 29 → P=0.836, R=0.800, F1=0.818
Class 30 → P=0.890, R=0.890, F1=0.890
Class 31 → P=0.848, R=0.877, F1=0.862
Class 32 → P=0.838, R=0.793, F1=0.815
Class 33 → P=0.868, R=0.833, F1=0.850
Class 34 → P=0.865, R=0.857, F1=0.861
Class 35 → P=0.848, R=0.857, F1=0.852
Class 36 → P=0.908, R=0.860, F1=0.884
2025-10-31 13:12:12,817 - INFO - 
Training Part c model with [512, 256, 128, 64] layer ...
2025-10-31 13:12:12,861 - INFO - ReLU: False
2025-10-31 13:12:17,330 - INFO - Epoch 0 | Train Loss=3.6014 | Val Loss=3.5871 | Train Acc=2.85% | Val Acc=2.13%
2025-10-31 13:15:36,574 - INFO - Epoch 50 | Train Loss=3.5594 | Val Loss=3.5568 | Train Acc=7.11% | Val Acc=6.44%
2025-10-31 13:18:54,079 - INFO - Epoch 100 | Train Loss=2.4938 | Val Loss=2.4851 | Train Acc=24.49% | Val Acc=25.05%
2025-10-31 13:22:14,852 - INFO - Epoch 150 | Train Loss=1.4248 | Val Loss=1.5001 | Train Acc=59.16% | Val Acc=55.79%
2025-10-31 13:25:39,420 - INFO - Epoch 200 | Train Loss=0.6290 | Val Loss=0.9818 | Train Acc=85.02% | Val Acc=71.57%
2025-10-31 13:29:00,689 - INFO - Epoch 250 | Train Loss=0.2142 | Val Loss=0.8653 | Train Acc=97.88% | Val Acc=76.62%
2025-10-31 13:32:21,739 - INFO - Epoch 300 | Train Loss=0.0744 | Val Loss=0.9227 | Train Acc=99.80% | Val Acc=76.02%
2025-10-31 13:35:43,116 - INFO - Epoch 350 | Train Loss=0.0370 | Val Loss=0.9561 | Train Acc=99.97% | Val Acc=75.79%
2025-10-31 13:39:02,924 - INFO - layer [512, 256, 128, 64] | Train → Precision: 0.9757, Recall: 0.9757, F1: 0.9757 | Test → Precision: 0.7631, Recall: 0.7631, F1: 0.7631
2025-10-31 13:39:02,927 - INFO - Model Architecture [512, 256, 128, 64] → Test Macro-F1 = 0.7621
2025-10-31 13:39:02,929 - INFO - Model Architecture [512, 256, 128, 64] → Train Macro-F1 = 0.9757
Model: [512, 256, 128, 64]
----Train----
Class  1 → P=0.978, R=0.978, F1=0.978
Class  2 → P=0.975, R=0.957, F1=0.966
Class  3 → P=0.982, R=0.975, F1=0.978
Class  4 → P=0.973, R=0.970, F1=0.972
Class  5 → P=0.970, R=0.972, F1=0.971
Class  6 → P=0.983, R=0.963, F1=0.973
Class  7 → P=0.982, R=0.985, F1=0.983
Class  8 → P=0.985, R=0.983, F1=0.984
Class  9 → P=0.982, R=0.988, F1=0.985
Class 10 → P=0.983, R=0.987, F1=0.985
Class 11 → P=0.992, R=0.990, F1=0.991
Class 12 → P=0.987, R=0.985, F1=0.986
Class 13 → P=0.986, R=0.972, F1=0.979
Class 14 → P=0.966, R=0.982, F1=0.974
Class 15 → P=0.978, R=0.970, F1=0.974
Class 16 → P=0.985, R=0.980, F1=0.982
Class 17 → P=0.969, R=0.978, F1=0.973
Class 18 → P=0.982, R=0.973, F1=0.977
Class 19 → P=0.977, R=0.975, F1=0.976
Class 20 → P=0.964, R=0.985, F1=0.974
Class 21 → P=0.974, R=0.987, F1=0.980
Class 22 → P=0.990, R=0.980, F1=0.985
Class 23 → P=0.964, R=0.950, F1=0.957
Class 24 → P=0.985, R=0.977, F1=0.981
Class 25 → P=0.963, R=0.965, F1=0.964
Class 26 → P=0.940, R=0.960, F1=0.950
Class 27 → P=0.985, R=0.990, F1=0.988
Class 28 → P=0.980, R=0.982, F1=0.981
Class 29 → P=0.973, R=0.962, F1=0.967
Class 30 → P=0.975, R=0.983, F1=0.979
Class 31 → P=0.975, R=0.975, F1=0.975
Class 32 → P=0.957, R=0.967, F1=0.962
Class 33 → P=0.978, R=0.975, F1=0.977
Class 34 → P=0.962, R=0.982, F1=0.972
Class 35 → P=0.977, R=0.975, F1=0.976
Class 36 → P=0.973, R=0.970, F1=0.972
----Test----
Class  1 → P=0.814, R=0.863, F1=0.838
Class  2 → P=0.738, R=0.600, F1=0.662
Class  3 → P=0.783, R=0.783, F1=0.783
Class  4 → P=0.691, R=0.723, F1=0.707
Class  5 → P=0.709, R=0.713, F1=0.711
Class  6 → P=0.857, R=0.757, F1=0.804
Class  7 → P=0.725, R=0.783, F1=0.753
Class  8 → P=0.776, R=0.833, F1=0.804
Class  9 → P=0.846, R=0.900, F1=0.872
Class 10 → P=0.823, R=0.867, F1=0.844
Class 11 → P=0.897, R=0.930, F1=0.913
Class 12 → P=0.874, R=0.877, F1=0.875
Class 13 → P=0.783, R=0.793, F1=0.788
Class 14 → P=0.783, R=0.843, F1=0.812
Class 15 → P=0.728, R=0.730, F1=0.729
Class 16 → P=0.817, R=0.847, F1=0.831
Class 17 → P=0.708, R=0.710, F1=0.709
Class 18 → P=0.757, R=0.717, F1=0.736
Class 19 → P=0.775, R=0.793, F1=0.784
Class 20 → P=0.735, R=0.720, F1=0.727
Class 21 → P=0.762, R=0.800, F1=0.780
Class 22 → P=0.857, R=0.860, F1=0.859
Class 23 → P=0.643, R=0.613, F1=0.628
Class 24 → P=0.765, R=0.780, F1=0.772
Class 25 → P=0.677, R=0.700, F1=0.689
Class 26 → P=0.554, R=0.543, F1=0.549
Class 27 → P=0.838, R=0.843, F1=0.841
Class 28 → P=0.805, R=0.840, F1=0.822
Class 29 → P=0.749, R=0.647, F1=0.694
Class 30 → P=0.766, R=0.777, F1=0.772
Class 31 → P=0.735, R=0.793, F1=0.763
Class 32 → P=0.623, R=0.640, F1=0.632
Class 33 → P=0.790, R=0.663, F1=0.721
Class 34 → P=0.769, R=0.753, F1=0.761
Class 35 → P=0.797, R=0.693, F1=0.742
Class 36 → P=0.716, R=0.740, F1=0.728
2025-10-31 13:39:03,091 - INFO - All predictions saved to outputs/prediction_c.csv