yscl4@yscl4:~/trishanku/IITD_MSR_1stSem/ML_ASSIGNMENT_A3/Q1/question_c$ python3 c.py ../data/train.csv ../data/validation.csv ../data/test.csv ../outputs/predictionC.csv
Loading CSV files
Train shape      : (7827, 14)
Validation shape : (870, 14)
Test shape       : (967, 14)
--------------------------------------

Performing One-Hot Encoding...
categorical_cols ['team', 'opp', 'host', 'month', 'day_match']
multi_cat_cols ['team', 'opp', 'host', 'month', 'day_match']

Preprocessing numeric features...
After pre-processing
Shape of trainDataX is : (7827, 75)
Shape of trainDataY is : (7827,)
Shape of testDataX is : (967, 75)
Shape of testDataY is : (967,)
Shape of validationDataX is : (870, 75)
Shape of validationDataY is : (870,)
Total categorical cols: 70
--------------------------------------

Building Decision Tree (maxDepth=15)
→ Training full tree...
→ Starting Greedy Post-Pruning...
2025-11-01 00:00:09,512 - Start bottom-up pruning: nodes=2253, val_acc=0.6138
2025-11-01 00:00:10,976 - Pruned node → nodes=2251, val_acc=0.6149
2025-11-01 00:00:12,002 - Pruned node → nodes=2249, val_acc=0.6172
2025-11-01 00:00:13,570 - Pruned node → nodes=2247, val_acc=0.6195
2025-11-01 00:00:16,014 - Pruned node → nodes=2245, val_acc=0.6207
2025-11-01 00:00:16,550 - Pruned node → nodes=2243, val_acc=0.6230
2025-11-01 00:00:17,350 - Pruned node → nodes=2241, val_acc=0.6241
2025-11-01 00:00:18,090 - Pruned node → nodes=2239, val_acc=0.6253
2025-11-01 00:00:19,025 - Pruned node → nodes=2235, val_acc=0.6264
2025-11-01 00:00:20,576 - Pruned node → nodes=2229, val_acc=0.6276
2025-11-01 00:00:21,008 - Pruned node → nodes=2227, val_acc=0.6287
2025-11-01 00:00:21,854 - Pruned node → nodes=2215, val_acc=0.6299
2025-11-01 00:00:22,418 - Pruned node → nodes=2203, val_acc=0.6310
2025-11-01 00:00:23,106 - Pruned node → nodes=2201, val_acc=0.6333
2025-11-01 00:00:23,473 - Pruned node → nodes=2199, val_acc=0.6345
2025-11-01 00:00:24,421 - Pruned node → nodes=2193, val_acc=0.6356
2025-11-01 00:00:24,821 - Pruned node → nodes=2191, val_acc=0.6368
2025-11-01 00:00:25,490 - Pruned node → nodes=2183, val_acc=0.6379
2025-11-01 00:00:26,335 - Pruned node → nodes=2177, val_acc=0.6391
2025-11-01 00:00:28,532 - Pruned node → nodes=2171, val_acc=0.6402
2025-11-01 00:00:28,932 - Pruned node → nodes=2169, val_acc=0.6414
2025-11-01 00:00:29,521 - Pruned node → nodes=2167, val_acc=0.6425
2025-11-01 00:00:30,019 - Pruned node → nodes=2157, val_acc=0.6437
2025-11-01 00:00:30,868 - Pruned node → nodes=2155, val_acc=0.6460
2025-11-01 00:00:31,270 - Pruned node → nodes=2153, val_acc=0.6471
2025-11-01 00:00:32,221 - Pruned node → nodes=2147, val_acc=0.6483
2025-11-01 00:00:32,852 - Pruned node → nodes=2141, val_acc=0.6506
2025-11-01 00:00:33,311 - Pruned node → nodes=2139, val_acc=0.6517
2025-11-01 00:00:34,892 - Pruned node → nodes=2137, val_acc=0.6529
2025-11-01 00:00:35,920 - Pruned node → nodes=2127, val_acc=0.6540
2025-11-01 00:00:36,539 - Pruned node → nodes=2121, val_acc=0.6552
2025-11-01 00:00:36,989 - Pruned node → nodes=2115, val_acc=0.6563
2025-11-01 00:00:37,808 - Pruned node → nodes=2093, val_acc=0.6575
2025-11-01 00:00:38,607 - Pruned node → nodes=2081, val_acc=0.6586
2025-11-01 00:00:39,102 - Pruned node → nodes=2059, val_acc=0.6598
2025-11-01 00:00:39,819 - Pruned node → nodes=2057, val_acc=0.6621
2025-11-01 00:00:40,952 - Pruned node → nodes=2053, val_acc=0.6632
2025-11-01 00:00:41,644 - Pruned node → nodes=2047, val_acc=0.6644
2025-11-01 00:00:42,402 - Pruned node → nodes=2041, val_acc=0.6655
2025-11-01 00:00:43,747 - Pruned node → nodes=2037, val_acc=0.6667
2025-11-01 00:00:44,705 - Pruned node → nodes=2019, val_acc=0.6678
2025-11-01 00:00:45,344 - Pruned node → nodes=2017, val_acc=0.6701
2025-11-01 00:00:45,753 - Pruned node → nodes=2007, val_acc=0.6713
2025-11-01 00:00:46,326 - Pruned node → nodes=2003, val_acc=0.6724
2025-11-01 00:00:47,885 - Pruned node → nodes=2001, val_acc=0.6736
2025-11-01 00:00:48,488 - Pruned node → nodes=1991, val_acc=0.6759
2025-11-01 00:00:50,266 - Pruned node → nodes=1989, val_acc=0.6770
2025-11-01 00:00:51,488 - Pruned node → nodes=1985, val_acc=0.6782
2025-11-01 00:00:51,905 - Pruned node → nodes=1981, val_acc=0.6793
2025-11-01 00:00:52,348 - Pruned node → nodes=1975, val_acc=0.6805
2025-11-01 00:00:53,719 - Pruned node → nodes=1973, val_acc=0.6816
2025-11-01 00:00:54,438 - Pruned node → nodes=1951, val_acc=0.6828
2025-11-01 00:00:55,058 - Pruned node → nodes=1941, val_acc=0.6839
2025-11-01 00:00:55,510 - Pruned node → nodes=1939, val_acc=0.6851
2025-11-01 00:00:56,615 - Pruned node → nodes=1933, val_acc=0.6862
2025-11-01 00:00:56,999 - Pruned node → nodes=1925, val_acc=0.6874
2025-11-01 00:00:57,652 - Pruned node → nodes=1923, val_acc=0.6885
2025-11-01 00:00:58,410 - Pruned node → nodes=1921, val_acc=0.6897
2025-11-01 00:00:58,993 - Pruned node → nodes=1919, val_acc=0.6908
2025-11-01 00:00:59,836 - Pruned node → nodes=1903, val_acc=0.6920
2025-11-01 00:01:00,344 - Pruned node → nodes=1897, val_acc=0.6931
2025-11-01 00:01:01,210 - Pruned node → nodes=1779, val_acc=0.6943
2025-11-01 00:01:02,186 - Pruned node → nodes=1769, val_acc=0.6954
2025-11-01 00:01:03,063 - Pruned node → nodes=1767, val_acc=0.6966
2025-11-01 00:01:03,939 - Pruned node → nodes=1765, val_acc=0.6977
2025-11-01 00:01:05,259 - Pruned node → nodes=1729, val_acc=0.7000
2025-11-01 00:01:05,872 - Pruned node → nodes=1727, val_acc=0.7011
2025-11-01 00:01:06,552 - Pruned node → nodes=1721, val_acc=0.7023
2025-11-01 00:01:07,159 - Pruned node → nodes=1719, val_acc=0.7046
2025-11-01 00:01:07,535 - Pruned node → nodes=1717, val_acc=0.7057
2025-11-01 00:01:07,967 - Pruned node → nodes=1711, val_acc=0.7069
2025-11-01 00:01:08,675 - Pruned node → nodes=1701, val_acc=0.7080
2025-11-01 00:01:10,096 - Pruned node → nodes=1683, val_acc=0.7092
2025-11-01 00:01:10,582 - Pruned node → nodes=1679, val_acc=0.7103
2025-11-01 00:01:11,677 - Bottom-up pruning complete. Final nodes=1679, best_val_acc=0.7103
→ Plotting pruning curve

Building Decision Tree (maxDepth=25)
→ Training full tree...
→ Starting Greedy Post-Pruning...
2025-11-01 00:02:16,924 - Start bottom-up pruning: nodes=4841, val_acc=0.5805
2025-11-01 00:02:17,879 - Pruned node → nodes=4837, val_acc=0.5816
2025-11-01 00:02:19,465 - Pruned node → nodes=4835, val_acc=0.5828
2025-11-01 00:02:21,471 - Pruned node → nodes=4823, val_acc=0.5839
2025-11-01 00:02:21,952 - Pruned node → nodes=4819, val_acc=0.5851
2025-11-01 00:02:26,936 - Pruned node → nodes=4817, val_acc=0.5862
2025-11-01 00:02:27,592 - Pruned node → nodes=4815, val_acc=0.5874
2025-11-01 00:02:28,184 - Pruned node → nodes=4813, val_acc=0.5885
2025-11-01 00:02:28,642 - Pruned node → nodes=4805, val_acc=0.5897
2025-11-01 00:02:29,169 - Pruned node → nodes=4799, val_acc=0.5908
2025-11-01 00:02:30,901 - Pruned node → nodes=4785, val_acc=0.5920
2025-11-01 00:02:32,034 - Pruned node → nodes=4757, val_acc=0.5931
2025-11-01 00:02:32,573 - Pruned node → nodes=4755, val_acc=0.5943
2025-11-01 00:02:33,259 - Pruned node → nodes=4753, val_acc=0.5954
2025-11-01 00:02:34,521 - Pruned node → nodes=4751, val_acc=0.5966
2025-11-01 00:02:35,666 - Pruned node → nodes=4747, val_acc=0.5977
2025-11-01 00:02:37,201 - Pruned node → nodes=4743, val_acc=0.5989
2025-11-01 00:02:37,964 - Pruned node → nodes=4741, val_acc=0.6000
2025-11-01 00:02:39,056 - Pruned node → nodes=4739, val_acc=0.6011
2025-11-01 00:02:39,508 - Pruned node → nodes=4735, val_acc=0.6023
2025-11-01 00:02:40,030 - Pruned node → nodes=4715, val_acc=0.6034
2025-11-01 00:02:40,942 - Pruned node → nodes=4711, val_acc=0.6046
2025-11-01 00:02:42,118 - Pruned node → nodes=4709, val_acc=0.6057
2025-11-01 00:02:42,759 - Pruned node → nodes=4707, val_acc=0.6069
2025-11-01 00:02:43,323 - Pruned node → nodes=4705, val_acc=0.6080
2025-11-01 00:02:43,999 - Pruned node → nodes=4699, val_acc=0.6115
2025-11-01 00:02:45,060 - Pruned node → nodes=4691, val_acc=0.6126
2025-11-01 00:02:46,667 - Pruned node → nodes=4687, val_acc=0.6172
2025-11-01 00:02:49,511 - Pruned node → nodes=4685, val_acc=0.6184
2025-11-01 00:02:50,741 - Pruned node → nodes=4673, val_acc=0.6207
2025-11-01 00:02:51,542 - Pruned node → nodes=4671, val_acc=0.6218
2025-11-01 00:02:52,034 - Pruned node → nodes=4667, val_acc=0.6230
2025-11-01 00:02:54,930 - Pruned node → nodes=4645, val_acc=0.6241
2025-11-01 00:02:55,851 - Pruned node → nodes=4635, val_acc=0.6253
2025-11-01 00:02:56,474 - Pruned node → nodes=4631, val_acc=0.6276
2025-11-01 00:02:57,344 - Pruned node → nodes=4629, val_acc=0.6287
2025-11-01 00:03:00,295 - Pruned node → nodes=4617, val_acc=0.6356
2025-11-01 00:03:03,462 - Pruned node → nodes=4613, val_acc=0.6368
2025-11-01 00:03:04,237 - Pruned node → nodes=4603, val_acc=0.6379
2025-11-01 00:03:05,178 - Pruned node → nodes=4599, val_acc=0.6391
2025-11-01 00:03:05,718 - Pruned node → nodes=4591, val_acc=0.6414
2025-11-01 00:03:06,997 - Pruned node → nodes=4589, val_acc=0.6425
2025-11-01 00:03:07,613 - Pruned node → nodes=4563, val_acc=0.6437
2025-11-01 00:03:08,554 - Pruned node → nodes=4553, val_acc=0.6448
2025-11-01 00:03:08,994 - Pruned node → nodes=4551, val_acc=0.6460
2025-11-01 00:03:09,672 - Pruned node → nodes=4537, val_acc=0.6471
2025-11-01 00:03:10,297 - Pruned node → nodes=4529, val_acc=0.6483
2025-11-01 00:03:11,558 - Pruned node → nodes=4527, val_acc=0.6494
2025-11-01 00:03:12,723 - Pruned node → nodes=4525, val_acc=0.6506
2025-11-01 00:03:13,177 - Pruned node → nodes=4521, val_acc=0.6517
2025-11-01 00:03:15,099 - Pruned node → nodes=4505, val_acc=0.6529
2025-11-01 00:03:15,783 - Pruned node → nodes=4501, val_acc=0.6540
2025-11-01 00:03:16,468 - Pruned node → nodes=4473, val_acc=0.6552
2025-11-01 00:03:16,924 - Pruned node → nodes=4471, val_acc=0.6563
2025-11-01 00:03:17,536 - Pruned node → nodes=4469, val_acc=0.6575
2025-11-01 00:03:19,943 - Pruned node → nodes=4463, val_acc=0.6586
2025-11-01 00:03:20,400 - Pruned node → nodes=4461, val_acc=0.6598
2025-11-01 00:03:21,154 - Pruned node → nodes=4453, val_acc=0.6609
2025-11-01 00:03:22,092 - Pruned node → nodes=4447, val_acc=0.6621
2025-11-01 00:03:22,778 - Pruned node → nodes=4431, val_acc=0.6632
2025-11-01 00:03:24,207 - Pruned node → nodes=4423, val_acc=0.6644
2025-11-01 00:03:25,522 - Pruned node → nodes=4415, val_acc=0.6655
2025-11-01 00:03:27,561 - Pruned node → nodes=4411, val_acc=0.6667
2025-11-01 00:03:28,058 - Pruned node → nodes=4405, val_acc=0.6690
2025-11-01 00:03:28,559 - Pruned node → nodes=4403, val_acc=0.6701
2025-11-01 00:03:29,842 - Pruned node → nodes=4399, val_acc=0.6713
2025-11-01 00:03:30,704 - Pruned node → nodes=4395, val_acc=0.6724
2025-11-01 00:03:31,308 - Pruned node → nodes=4347, val_acc=0.6736
2025-11-01 00:03:33,203 - Pruned node → nodes=4341, val_acc=0.6747
2025-11-01 00:03:33,951 - Pruned node → nodes=4333, val_acc=0.6759
2025-11-01 00:03:34,408 - Pruned node → nodes=4331, val_acc=0.6770
2025-11-01 00:03:35,641 - Pruned node → nodes=4317, val_acc=0.6782
2025-11-01 00:03:36,565 - Pruned node → nodes=4315, val_acc=0.6793
2025-11-01 00:03:38,529 - Pruned node → nodes=4285, val_acc=0.6839
2025-11-01 00:03:38,988 - Pruned node → nodes=4281, val_acc=0.6851
2025-11-01 00:03:39,699 - Pruned node → nodes=4279, val_acc=0.6862
2025-11-01 00:03:40,602 - Pruned node → nodes=4273, val_acc=0.6874
2025-11-01 00:03:41,648 - Pruned node → nodes=4271, val_acc=0.6885
2025-11-01 00:03:42,504 - Pruned node → nodes=4257, val_acc=0.6897
2025-11-01 00:03:43,175 - Pruned node → nodes=4251, val_acc=0.6908
2025-11-01 00:03:44,690 - Pruned node → nodes=4201, val_acc=0.6920
2025-11-01 00:03:45,265 - Pruned node → nodes=4197, val_acc=0.6931
2025-11-01 00:03:48,445 - Pruned node → nodes=4191, val_acc=0.6943
2025-11-01 00:03:49,642 - Pruned node → nodes=4181, val_acc=0.6954
2025-11-01 00:03:50,376 - Pruned node → nodes=4175, val_acc=0.6966
2025-11-01 00:03:50,899 - Pruned node → nodes=4169, val_acc=0.6977
2025-11-01 00:03:51,880 - Pruned node → nodes=4145, val_acc=0.6989
2025-11-01 00:03:52,815 - Pruned node → nodes=4133, val_acc=0.7000
2025-11-01 00:03:53,360 - Pruned node → nodes=4109, val_acc=0.7011
2025-11-01 00:03:54,372 - Pruned node → nodes=4107, val_acc=0.7034
2025-11-01 00:03:55,136 - Pruned node → nodes=4097, val_acc=0.7046
2025-11-01 00:03:57,174 - Pruned node → nodes=4095, val_acc=0.7057
2025-11-01 00:03:57,772 - Pruned node → nodes=4093, val_acc=0.7069
2025-11-01 00:03:58,666 - Pruned node → nodes=4089, val_acc=0.7080
2025-11-01 00:04:00,050 - Pruned node → nodes=4073, val_acc=0.7092
2025-11-01 00:04:01,284 - Pruned node → nodes=4065, val_acc=0.7103
2025-11-01 00:04:01,960 - Pruned node → nodes=4061, val_acc=0.7115
2025-11-01 00:04:03,227 - Pruned node → nodes=4057, val_acc=0.7126
2025-11-01 00:04:04,244 - Pruned node → nodes=4053, val_acc=0.7138
2025-11-01 00:04:04,761 - Pruned node → nodes=4051, val_acc=0.7149
2025-11-01 00:04:05,359 - Pruned node → nodes=4043, val_acc=0.7161
2025-11-01 00:04:06,412 - Pruned node → nodes=4039, val_acc=0.7172
2025-11-01 00:04:07,513 - Pruned node → nodes=4027, val_acc=0.7184
2025-11-01 00:04:08,463 - Pruned node → nodes=4025, val_acc=0.7195
2025-11-01 00:04:09,854 - Pruned node → nodes=3991, val_acc=0.7207
2025-11-01 00:04:10,574 - Pruned node → nodes=3987, val_acc=0.7218
2025-11-01 00:04:12,857 - Pruned node → nodes=3967, val_acc=0.7230
2025-11-01 00:04:13,266 - Pruned node → nodes=3965, val_acc=0.7241
2025-11-01 00:04:14,140 - Pruned node → nodes=3945, val_acc=0.7264
2025-11-01 00:04:16,128 - Pruned node → nodes=3941, val_acc=0.7276
2025-11-01 00:04:17,468 - Pruned node → nodes=3937, val_acc=0.7287
2025-11-01 00:04:17,936 - Pruned node → nodes=3933, val_acc=0.7299
2025-11-01 00:04:18,447 - Pruned node → nodes=3927, val_acc=0.7310
2025-11-01 00:04:19,955 - Pruned node → nodes=3925, val_acc=0.7322
2025-11-01 00:04:20,761 - Pruned node → nodes=3903, val_acc=0.7333
2025-11-01 00:04:21,443 - Pruned node → nodes=3893, val_acc=0.7345
2025-11-01 00:04:21,936 - Pruned node → nodes=3891, val_acc=0.7356
2025-11-01 00:04:23,190 - Pruned node → nodes=3889, val_acc=0.7368
2025-11-01 00:04:23,934 - Pruned node → nodes=3877, val_acc=0.7379
2025-11-01 00:04:24,353 - Pruned node → nodes=3869, val_acc=0.7391
2025-11-01 00:04:25,084 - Pruned node → nodes=3867, val_acc=0.7402
2025-11-01 00:04:25,936 - Pruned node → nodes=3865, val_acc=0.7414
2025-11-01 00:04:26,566 - Pruned node → nodes=3863, val_acc=0.7425
2025-11-01 00:04:27,646 - Pruned node → nodes=3841, val_acc=0.7437
2025-11-01 00:04:28,217 - Pruned node → nodes=3835, val_acc=0.7448
2025-11-01 00:04:29,219 - Pruned node → nodes=3701, val_acc=0.7460
2025-11-01 00:04:30,491 - Pruned node → nodes=3691, val_acc=0.7471
2025-11-01 00:04:31,435 - Pruned node → nodes=3689, val_acc=0.7483
2025-11-01 00:04:32,411 - Pruned node → nodes=3687, val_acc=0.7494
2025-11-01 00:04:33,853 - Pruned node → nodes=3651, val_acc=0.7517
2025-11-01 00:04:34,583 - Pruned node → nodes=3649, val_acc=0.7529
2025-11-01 00:04:35,333 - Pruned node → nodes=3643, val_acc=0.7540
2025-11-01 00:04:35,918 - Pruned node → nodes=3637, val_acc=0.7552
2025-11-01 00:04:36,323 - Pruned node → nodes=3635, val_acc=0.7563
2025-11-01 00:04:37,015 - Pruned node → nodes=3633, val_acc=0.7575
2025-11-01 00:04:37,783 - Pruned node → nodes=3611, val_acc=0.7586
2025-11-01 00:04:38,435 - Pruned node → nodes=3595, val_acc=0.7598
2025-11-01 00:04:39,234 - Pruned node → nodes=3585, val_acc=0.7609
2025-11-01 00:04:40,246 - Pruned node → nodes=3583, val_acc=0.7621
2025-11-01 00:04:41,473 - Pruned node → nodes=3565, val_acc=0.7632
2025-11-01 00:04:42,022 - Pruned node → nodes=3561, val_acc=0.7644
2025-11-01 00:04:43,237 - Bottom-up pruning complete. Final nodes=3561, best_val_acc=0.7644
→ Plotting pruning curve

Building Decision Tree (maxDepth=35)
→ Training full tree...
→ Starting Greedy Post-Pruning...
2025-11-01 00:05:56,241 - Start bottom-up pruning: nodes=5625, val_acc=0.5839
2025-11-01 00:05:57,213 - Pruned node → nodes=5621, val_acc=0.5851
2025-11-01 00:05:58,866 - Pruned node → nodes=5619, val_acc=0.5862
2025-11-01 00:06:00,922 - Pruned node → nodes=5607, val_acc=0.5874
2025-11-01 00:06:01,427 - Pruned node → nodes=5603, val_acc=0.5885
2025-11-01 00:06:06,732 - Pruned node → nodes=5601, val_acc=0.5897
2025-11-01 00:06:07,419 - Pruned node → nodes=5599, val_acc=0.5908
2025-11-01 00:06:08,017 - Pruned node → nodes=5597, val_acc=0.5920
2025-11-01 00:06:08,496 - Pruned node → nodes=5589, val_acc=0.5931
2025-11-01 00:06:09,049 - Pruned node → nodes=5583, val_acc=0.5943
2025-11-01 00:06:10,873 - Pruned node → nodes=5569, val_acc=0.5954
2025-11-01 00:06:12,058 - Pruned node → nodes=5541, val_acc=0.5966
2025-11-01 00:06:12,610 - Pruned node → nodes=5539, val_acc=0.5977
2025-11-01 00:06:13,329 - Pruned node → nodes=5537, val_acc=0.5989
2025-11-01 00:06:14,641 - Pruned node → nodes=5535, val_acc=0.6000
2025-11-01 00:06:15,819 - Pruned node → nodes=5531, val_acc=0.6011
2025-11-01 00:06:19,237 - Pruned node → nodes=5519, val_acc=0.6023
2025-11-01 00:06:19,836 - Pruned node → nodes=5513, val_acc=0.6034
2025-11-01 00:06:21,501 - Pruned node → nodes=5483, val_acc=0.6057
2025-11-01 00:06:22,070 - Pruned node → nodes=5479, val_acc=0.6069
2025-11-01 00:06:22,985 - Pruned node → nodes=5477, val_acc=0.6080
2025-11-01 00:06:23,584 - Pruned node → nodes=5469, val_acc=0.6092
2025-11-01 00:06:26,009 - Pruned node → nodes=5465, val_acc=0.6103
2025-11-01 00:06:27,018 - Pruned node → nodes=5461, val_acc=0.6115
2025-11-01 00:06:28,257 - Pruned node → nodes=5457, val_acc=0.6126
2025-11-01 00:06:28,731 - Pruned node → nodes=5453, val_acc=0.6138
2025-11-01 00:06:29,289 - Pruned node → nodes=5431, val_acc=0.6149
2025-11-01 00:06:30,353 - Pruned node → nodes=5427, val_acc=0.6161
2025-11-01 00:06:31,772 - Pruned node → nodes=5425, val_acc=0.6172
2025-11-01 00:06:32,582 - Pruned node → nodes=5423, val_acc=0.6184
2025-11-01 00:06:33,320 - Pruned node → nodes=5415, val_acc=0.6195
2025-11-01 00:06:34,499 - Pruned node → nodes=5403, val_acc=0.6207
2025-11-01 00:06:35,844 - Pruned node → nodes=5395, val_acc=0.6218
2025-11-01 00:06:37,616 - Pruned node → nodes=5391, val_acc=0.6264
2025-11-01 00:06:42,033 - Pruned node → nodes=5377, val_acc=0.6276
2025-11-01 00:06:42,964 - Pruned node → nodes=5375, val_acc=0.6287
2025-11-01 00:06:43,480 - Pruned node → nodes=5371, val_acc=0.6299
2025-11-01 00:06:46,477 - Pruned node → nodes=5347, val_acc=0.6310
2025-11-01 00:06:47,388 - Pruned node → nodes=5337, val_acc=0.6322
2025-11-01 00:06:48,017 - Pruned node → nodes=5333, val_acc=0.6345
2025-11-01 00:06:48,919 - Pruned node → nodes=5331, val_acc=0.6356
2025-11-01 00:06:52,421 - Pruned node → nodes=5313, val_acc=0.6379
2025-11-01 00:06:53,887 - Pruned node → nodes=5311, val_acc=0.6391
2025-11-01 00:06:56,004 - Pruned node → nodes=5299, val_acc=0.6414
2025-11-01 00:07:00,423 - Pruned node → nodes=5295, val_acc=0.6425
2025-11-01 00:07:01,235 - Pruned node → nodes=5285, val_acc=0.6437
2025-11-01 00:07:02,259 - Pruned node → nodes=5281, val_acc=0.6448
2025-11-01 00:07:02,830 - Pruned node → nodes=5273, val_acc=0.6471
2025-11-01 00:07:04,213 - Pruned node → nodes=5271, val_acc=0.6483
2025-11-01 00:07:04,877 - Pruned node → nodes=5245, val_acc=0.6494
2025-11-01 00:07:05,908 - Pruned node → nodes=5235, val_acc=0.6506
2025-11-01 00:07:06,368 - Pruned node → nodes=5233, val_acc=0.6517
2025-11-01 00:07:07,073 - Pruned node → nodes=5219, val_acc=0.6529
2025-11-01 00:07:07,723 - Pruned node → nodes=5211, val_acc=0.6540
2025-11-01 00:07:09,235 - Pruned node → nodes=5209, val_acc=0.6552
2025-11-01 00:07:10,129 - Pruned node → nodes=5207, val_acc=0.6563
2025-11-01 00:07:10,732 - Pruned node → nodes=5197, val_acc=0.6575
2025-11-01 00:07:11,738 - Pruned node → nodes=5195, val_acc=0.6586
2025-11-01 00:07:12,941 - Pruned node → nodes=5193, val_acc=0.6598
2025-11-01 00:07:14,729 - Pruned node → nodes=5183, val_acc=0.6609
2025-11-01 00:07:15,210 - Pruned node → nodes=5179, val_acc=0.6621
2025-11-01 00:07:17,423 - Pruned node → nodes=5163, val_acc=0.6632
2025-11-01 00:07:18,138 - Pruned node → nodes=5159, val_acc=0.6644
2025-11-01 00:07:18,843 - Pruned node → nodes=5131, val_acc=0.6655
2025-11-01 00:07:19,315 - Pruned node → nodes=5129, val_acc=0.6667
2025-11-01 00:07:19,947 - Pruned node → nodes=5127, val_acc=0.6678
2025-11-01 00:07:22,516 - Pruned node → nodes=5121, val_acc=0.6690
2025-11-01 00:07:23,029 - Pruned node → nodes=5119, val_acc=0.6701
2025-11-01 00:07:23,864 - Pruned node → nodes=5111, val_acc=0.6713
2025-11-01 00:07:24,906 - Pruned node → nodes=5105, val_acc=0.6724
2025-11-01 00:07:25,663 - Pruned node → nodes=5089, val_acc=0.6736
2025-11-01 00:07:27,232 - Pruned node → nodes=5081, val_acc=0.6747
2025-11-01 00:07:28,643 - Pruned node → nodes=5073, val_acc=0.6759
2025-11-01 00:07:30,766 - Pruned node → nodes=5069, val_acc=0.6770
2025-11-01 00:07:31,284 - Pruned node → nodes=5063, val_acc=0.6793
2025-11-01 00:07:31,806 - Pruned node → nodes=5061, val_acc=0.6805
2025-11-01 00:07:32,328 - Pruned node → nodes=5059, val_acc=0.6816
2025-11-01 00:07:33,842 - Pruned node → nodes=5045, val_acc=0.6828
2025-11-01 00:07:34,767 - Pruned node → nodes=5041, val_acc=0.6839
2025-11-01 00:07:35,394 - Pruned node → nodes=4991, val_acc=0.6851
2025-11-01 00:07:37,288 - Pruned node → nodes=4985, val_acc=0.6862
2025-11-01 00:07:38,076 - Pruned node → nodes=4977, val_acc=0.6874
2025-11-01 00:07:38,563 - Pruned node → nodes=4975, val_acc=0.6885
2025-11-01 00:07:39,866 - Pruned node → nodes=4961, val_acc=0.6897
2025-11-01 00:07:40,818 - Pruned node → nodes=4959, val_acc=0.6908
2025-11-01 00:07:42,860 - Pruned node → nodes=4929, val_acc=0.6954
2025-11-01 00:07:43,328 - Pruned node → nodes=4925, val_acc=0.6966
2025-11-01 00:07:44,059 - Pruned node → nodes=4923, val_acc=0.6977
2025-11-01 00:07:44,992 - Pruned node → nodes=4917, val_acc=0.6989
2025-11-01 00:07:46,100 - Pruned node → nodes=4915, val_acc=0.7000
2025-11-01 00:07:46,980 - Pruned node → nodes=4901, val_acc=0.7011
2025-11-01 00:07:47,675 - Pruned node → nodes=4895, val_acc=0.7023
2025-11-01 00:07:49,235 - Pruned node → nodes=4845, val_acc=0.7034
2025-11-01 00:07:49,845 - Pruned node → nodes=4841, val_acc=0.7046
2025-11-01 00:07:53,092 - Pruned node → nodes=4835, val_acc=0.7057
2025-11-01 00:07:54,358 - Pruned node → nodes=4825, val_acc=0.7069
2025-11-01 00:07:55,102 - Pruned node → nodes=4819, val_acc=0.7080
2025-11-01 00:07:55,606 - Pruned node → nodes=4813, val_acc=0.7092
2025-11-01 00:07:56,573 - Pruned node → nodes=4789, val_acc=0.7103
2025-11-01 00:07:57,541 - Pruned node → nodes=4777, val_acc=0.7115
2025-11-01 00:07:58,089 - Pruned node → nodes=4753, val_acc=0.7126
2025-11-01 00:07:59,098 - Pruned node → nodes=4751, val_acc=0.7149
2025-11-01 00:07:59,898 - Pruned node → nodes=4741, val_acc=0.7161
2025-11-01 00:08:01,985 - Pruned node → nodes=4739, val_acc=0.7172
2025-11-01 00:08:02,562 - Pruned node → nodes=4737, val_acc=0.7184
2025-11-01 00:08:03,466 - Pruned node → nodes=4733, val_acc=0.7195
2025-11-01 00:08:04,888 - Pruned node → nodes=4717, val_acc=0.7207
2025-11-01 00:08:06,144 - Pruned node → nodes=4709, val_acc=0.7218
2025-11-01 00:08:06,854 - Pruned node → nodes=4705, val_acc=0.7230
2025-11-01 00:08:08,190 - Pruned node → nodes=4701, val_acc=0.7241
2025-11-01 00:08:09,254 - Pruned node → nodes=4697, val_acc=0.7253
2025-11-01 00:08:09,769 - Pruned node → nodes=4695, val_acc=0.7264
2025-11-01 00:08:10,363 - Pruned node → nodes=4687, val_acc=0.7276
2025-11-01 00:08:11,424 - Pruned node → nodes=4683, val_acc=0.7287
2025-11-01 00:08:12,507 - Pruned node → nodes=4671, val_acc=0.7299
2025-11-01 00:08:13,448 - Pruned node → nodes=4669, val_acc=0.7310
2025-11-01 00:08:14,888 - Pruned node → nodes=4635, val_acc=0.7322
2025-11-01 00:08:15,633 - Pruned node → nodes=4631, val_acc=0.7333
2025-11-01 00:08:18,046 - Pruned node → nodes=4611, val_acc=0.7345
2025-11-01 00:08:18,489 - Pruned node → nodes=4609, val_acc=0.7356
2025-11-01 00:08:19,400 - Pruned node → nodes=4589, val_acc=0.7379
2025-11-01 00:08:21,401 - Pruned node → nodes=4585, val_acc=0.7391
2025-11-01 00:08:22,784 - Pruned node → nodes=4581, val_acc=0.7402
2025-11-01 00:08:23,264 - Pruned node → nodes=4577, val_acc=0.7414
2025-11-01 00:08:23,768 - Pruned node → nodes=4571, val_acc=0.7425
2025-11-01 00:08:25,302 - Pruned node → nodes=4569, val_acc=0.7437
2025-11-01 00:08:26,106 - Pruned node → nodes=4547, val_acc=0.7448
2025-11-01 00:08:26,801 - Pruned node → nodes=4537, val_acc=0.7460
2025-11-01 00:08:27,306 - Pruned node → nodes=4535, val_acc=0.7471
2025-11-01 00:08:28,557 - Pruned node → nodes=4533, val_acc=0.7483
2025-11-01 00:08:29,291 - Pruned node → nodes=4521, val_acc=0.7494
2025-11-01 00:08:29,721 - Pruned node → nodes=4513, val_acc=0.7506
2025-11-01 00:08:30,449 - Pruned node → nodes=4511, val_acc=0.7517
2025-11-01 00:08:31,329 - Pruned node → nodes=4509, val_acc=0.7529
2025-11-01 00:08:31,983 - Pruned node → nodes=4507, val_acc=0.7540
2025-11-01 00:08:33,051 - Pruned node → nodes=4485, val_acc=0.7552
2025-11-01 00:08:33,631 - Pruned node → nodes=4479, val_acc=0.7563
2025-11-01 00:08:34,655 - Pruned node → nodes=4345, val_acc=0.7575
2025-11-01 00:08:35,969 - Pruned node → nodes=4335, val_acc=0.7586
2025-11-01 00:08:36,949 - Pruned node → nodes=4333, val_acc=0.7598
2025-11-01 00:08:37,971 - Pruned node → nodes=4331, val_acc=0.7609
2025-11-01 00:08:39,466 - Pruned node → nodes=4295, val_acc=0.7632
2025-11-01 00:08:40,220 - Pruned node → nodes=4293, val_acc=0.7644
2025-11-01 00:08:40,974 - Pruned node → nodes=4287, val_acc=0.7655
2025-11-01 00:08:41,582 - Pruned node → nodes=4281, val_acc=0.7667
2025-11-01 00:08:42,009 - Pruned node → nodes=4279, val_acc=0.7678
2025-11-01 00:08:42,730 - Pruned node → nodes=4277, val_acc=0.7690
2025-11-01 00:08:43,521 - Pruned node → nodes=4255, val_acc=0.7701
2025-11-01 00:08:44,202 - Pruned node → nodes=4239, val_acc=0.7713
2025-11-01 00:08:45,060 - Pruned node → nodes=4229, val_acc=0.7724
2025-11-01 00:08:46,117 - Pruned node → nodes=4227, val_acc=0.7736
2025-11-01 00:08:47,384 - Pruned node → nodes=4209, val_acc=0.7747
2025-11-01 00:08:47,961 - Pruned node → nodes=4205, val_acc=0.7759
2025-11-01 00:08:49,217 - Bottom-up pruning complete. Final nodes=4205, best_val_acc=0.7759
→ Plotting pruning curve
 Saved predictions to ../outputs/predictionC.csv

Building Decision Tree (maxDepth=45)
→ Training full tree...
→ Starting Greedy Post-Pruning...
2025-11-01 00:10:02,214 - Start bottom-up pruning: nodes=5765, val_acc=0.5793
2025-11-01 00:10:03,162 - Pruned node → nodes=5761, val_acc=0.5805
2025-11-01 00:10:04,734 - Pruned node → nodes=5759, val_acc=0.5816
2025-11-01 00:10:06,689 - Pruned node → nodes=5747, val_acc=0.5828
2025-11-01 00:10:07,175 - Pruned node → nodes=5743, val_acc=0.5839
2025-11-01 00:10:12,180 - Pruned node → nodes=5741, val_acc=0.5851
2025-11-01 00:10:12,826 - Pruned node → nodes=5739, val_acc=0.5862
2025-11-01 00:10:13,387 - Pruned node → nodes=5737, val_acc=0.5874
2025-11-01 00:10:13,830 - Pruned node → nodes=5729, val_acc=0.5885
2025-11-01 00:10:14,350 - Pruned node → nodes=5723, val_acc=0.5897
2025-11-01 00:10:16,031 - Pruned node → nodes=5709, val_acc=0.5908
2025-11-01 00:10:17,130 - Pruned node → nodes=5681, val_acc=0.5920
2025-11-01 00:10:17,652 - Pruned node → nodes=5679, val_acc=0.5931
2025-11-01 00:10:18,329 - Pruned node → nodes=5677, val_acc=0.5943
2025-11-01 00:10:19,554 - Pruned node → nodes=5675, val_acc=0.5954
2025-11-01 00:10:20,663 - Pruned node → nodes=5671, val_acc=0.5966
2025-11-01 00:10:24,628 - Pruned node → nodes=5669, val_acc=0.5977
2025-11-01 00:10:26,330 - Pruned node → nodes=5663, val_acc=0.6000
2025-11-01 00:10:26,950 - Pruned node → nodes=5657, val_acc=0.6011
2025-11-01 00:10:27,743 - Pruned node → nodes=5651, val_acc=0.6023
2025-11-01 00:10:28,802 - Pruned node → nodes=5639, val_acc=0.6034
2025-11-01 00:10:29,372 - Pruned node → nodes=5633, val_acc=0.6046
2025-11-01 00:10:31,005 - Pruned node → nodes=5601, val_acc=0.6069
2025-11-01 00:10:31,549 - Pruned node → nodes=5597, val_acc=0.6080
2025-11-01 00:10:32,386 - Pruned node → nodes=5595, val_acc=0.6092
2025-11-01 00:10:32,946 - Pruned node → nodes=5587, val_acc=0.6103
2025-11-01 00:10:35,216 - Pruned node → nodes=5583, val_acc=0.6115
2025-11-01 00:10:36,158 - Pruned node → nodes=5579, val_acc=0.6126
2025-11-01 00:10:37,291 - Pruned node → nodes=5575, val_acc=0.6138
2025-11-01 00:10:37,736 - Pruned node → nodes=5571, val_acc=0.6149
2025-11-01 00:10:38,255 - Pruned node → nodes=5549, val_acc=0.6161
2025-11-01 00:10:39,240 - Pruned node → nodes=5545, val_acc=0.6172
2025-11-01 00:10:40,567 - Pruned node → nodes=5543, val_acc=0.6184
2025-11-01 00:10:41,315 - Pruned node → nodes=5541, val_acc=0.6195
2025-11-01 00:10:41,990 - Pruned node → nodes=5533, val_acc=0.6207
2025-11-01 00:10:43,086 - Pruned node → nodes=5521, val_acc=0.6218
2025-11-01 00:10:44,331 - Pruned node → nodes=5513, val_acc=0.6230
2025-11-01 00:10:45,957 - Pruned node → nodes=5509, val_acc=0.6276
2025-11-01 00:10:50,010 - Pruned node → nodes=5495, val_acc=0.6287
2025-11-01 00:10:50,877 - Pruned node → nodes=5493, val_acc=0.6299
2025-11-01 00:10:51,358 - Pruned node → nodes=5489, val_acc=0.6310
2025-11-01 00:10:54,228 - Pruned node → nodes=5465, val_acc=0.6322
2025-11-01 00:10:55,129 - Pruned node → nodes=5455, val_acc=0.6333
2025-11-01 00:10:55,761 - Pruned node → nodes=5451, val_acc=0.6356
2025-11-01 00:10:56,662 - Pruned node → nodes=5449, val_acc=0.6368
2025-11-01 00:11:00,191 - Pruned node → nodes=5431, val_acc=0.6391
2025-11-01 00:11:01,675 - Pruned node → nodes=5429, val_acc=0.6402
2025-11-01 00:11:03,807 - Pruned node → nodes=5417, val_acc=0.6425
2025-11-01 00:11:08,077 - Pruned node → nodes=5413, val_acc=0.6437
2025-11-01 00:11:08,873 - Pruned node → nodes=5403, val_acc=0.6448
2025-11-01 00:11:09,852 - Pruned node → nodes=5399, val_acc=0.6460
2025-11-01 00:11:10,405 - Pruned node → nodes=5391, val_acc=0.6483
2025-11-01 00:11:11,741 - Pruned node → nodes=5389, val_acc=0.6494
2025-11-01 00:11:12,375 - Pruned node → nodes=5363, val_acc=0.6506
2025-11-01 00:11:13,353 - Pruned node → nodes=5353, val_acc=0.6517
2025-11-01 00:11:13,793 - Pruned node → nodes=5351, val_acc=0.6529
2025-11-01 00:11:14,460 - Pruned node → nodes=5337, val_acc=0.6540
2025-11-01 00:11:15,080 - Pruned node → nodes=5329, val_acc=0.6552
2025-11-01 00:11:16,529 - Pruned node → nodes=5327, val_acc=0.6563
2025-11-01 00:11:17,467 - Pruned node → nodes=5325, val_acc=0.6575
2025-11-01 00:11:18,058 - Pruned node → nodes=5315, val_acc=0.6586
2025-11-01 00:11:19,036 - Pruned node → nodes=5313, val_acc=0.6598
2025-11-01 00:11:20,204 - Pruned node → nodes=5311, val_acc=0.6609
2025-11-01 00:11:21,901 - Pruned node → nodes=5301, val_acc=0.6621
2025-11-01 00:11:22,376 - Pruned node → nodes=5297, val_acc=0.6632
2025-11-01 00:11:24,575 - Pruned node → nodes=5281, val_acc=0.6644
2025-11-01 00:11:25,280 - Pruned node → nodes=5277, val_acc=0.6655
2025-11-01 00:11:25,989 - Pruned node → nodes=5249, val_acc=0.6667
2025-11-01 00:11:26,462 - Pruned node → nodes=5247, val_acc=0.6678
2025-11-01 00:11:27,091 - Pruned node → nodes=5245, val_acc=0.6690
2025-11-01 00:11:29,549 - Pruned node → nodes=5239, val_acc=0.6701
2025-11-01 00:11:30,028 - Pruned node → nodes=5237, val_acc=0.6713
2025-11-01 00:11:30,814 - Pruned node → nodes=5229, val_acc=0.6724
2025-11-01 00:11:31,778 - Pruned node → nodes=5223, val_acc=0.6736
2025-11-01 00:11:32,483 - Pruned node → nodes=5207, val_acc=0.6747
2025-11-01 00:11:33,953 - Pruned node → nodes=5199, val_acc=0.6759
2025-11-01 00:11:35,307 - Pruned node → nodes=5191, val_acc=0.6770
2025-11-01 00:11:37,342 - Pruned node → nodes=5187, val_acc=0.6782
2025-11-01 00:11:37,857 - Pruned node → nodes=5181, val_acc=0.6805
2025-11-01 00:11:38,369 - Pruned node → nodes=5179, val_acc=0.6816
2025-11-01 00:11:38,891 - Pruned node → nodes=5177, val_acc=0.6828
2025-11-01 00:11:40,393 - Pruned node → nodes=5163, val_acc=0.6839
2025-11-01 00:11:41,325 - Pruned node → nodes=5159, val_acc=0.6851
2025-11-01 00:11:41,952 - Pruned node → nodes=5109, val_acc=0.6862
2025-11-01 00:11:43,880 - Pruned node → nodes=5103, val_acc=0.6874
2025-11-01 00:11:44,660 - Pruned node → nodes=5095, val_acc=0.6885
2025-11-01 00:11:45,135 - Pruned node → nodes=5093, val_acc=0.6897
2025-11-01 00:11:46,413 - Pruned node → nodes=5079, val_acc=0.6908
2025-11-01 00:11:47,371 - Pruned node → nodes=5077, val_acc=0.6920
2025-11-01 00:11:49,409 - Pruned node → nodes=5047, val_acc=0.6966
2025-11-01 00:11:49,887 - Pruned node → nodes=5043, val_acc=0.6977
2025-11-01 00:11:50,626 - Pruned node → nodes=5041, val_acc=0.6989
2025-11-01 00:11:51,555 - Pruned node → nodes=5035, val_acc=0.7000
2025-11-01 00:11:52,634 - Pruned node → nodes=5033, val_acc=0.7011
2025-11-01 00:11:53,528 - Pruned node → nodes=5019, val_acc=0.7023
2025-11-01 00:11:54,228 - Pruned node → nodes=5013, val_acc=0.7034
2025-11-01 00:11:55,800 - Pruned node → nodes=4963, val_acc=0.7046
2025-11-01 00:11:56,387 - Pruned node → nodes=4959, val_acc=0.7057
2025-11-01 00:11:59,592 - Pruned node → nodes=4953, val_acc=0.7069
2025-11-01 00:12:00,826 - Pruned node → nodes=4943, val_acc=0.7080
2025-11-01 00:12:01,564 - Pruned node → nodes=4937, val_acc=0.7092
2025-11-01 00:12:02,076 - Pruned node → nodes=4931, val_acc=0.7103
2025-11-01 00:12:03,039 - Pruned node → nodes=4907, val_acc=0.7115
2025-11-01 00:12:03,979 - Pruned node → nodes=4895, val_acc=0.7126
2025-11-01 00:12:04,528 - Pruned node → nodes=4871, val_acc=0.7138
2025-11-01 00:12:05,546 - Pruned node → nodes=4869, val_acc=0.7161
2025-11-01 00:12:06,316 - Pruned node → nodes=4859, val_acc=0.7172
2025-11-01 00:12:08,326 - Pruned node → nodes=4857, val_acc=0.7184
2025-11-01 00:12:08,915 - Pruned node → nodes=4855, val_acc=0.7195
2025-11-01 00:12:09,801 - Pruned node → nodes=4851, val_acc=0.7207
2025-11-01 00:12:11,171 - Pruned node → nodes=4835, val_acc=0.7218
2025-11-01 00:12:12,394 - Pruned node → nodes=4827, val_acc=0.7230
2025-11-01 00:12:13,091 - Pruned node → nodes=4823, val_acc=0.7241
2025-11-01 00:12:14,394 - Pruned node → nodes=4819, val_acc=0.7253
2025-11-01 00:12:15,433 - Pruned node → nodes=4815, val_acc=0.7264
2025-11-01 00:12:15,941 - Pruned node → nodes=4813, val_acc=0.7276
2025-11-01 00:12:16,522 - Pruned node → nodes=4805, val_acc=0.7287
2025-11-01 00:12:17,551 - Pruned node → nodes=4801, val_acc=0.7299
2025-11-01 00:12:18,622 - Pruned node → nodes=4789, val_acc=0.7310
2025-11-01 00:12:19,544 - Pruned node → nodes=4787, val_acc=0.7322
2025-11-01 00:12:20,949 - Pruned node → nodes=4753, val_acc=0.7333
2025-11-01 00:12:21,681 - Pruned node → nodes=4749, val_acc=0.7345
2025-11-01 00:12:24,008 - Pruned node → nodes=4729, val_acc=0.7356
2025-11-01 00:12:24,441 - Pruned node → nodes=4727, val_acc=0.7368
2025-11-01 00:12:25,322 - Pruned node → nodes=4707, val_acc=0.7391
2025-11-01 00:12:27,332 - Pruned node → nodes=4703, val_acc=0.7402
2025-11-01 00:12:28,703 - Pruned node → nodes=4699, val_acc=0.7414
2025-11-01 00:12:29,172 - Pruned node → nodes=4695, val_acc=0.7425
2025-11-01 00:12:29,683 - Pruned node → nodes=4689, val_acc=0.7437
2025-11-01 00:12:31,203 - Pruned node → nodes=4687, val_acc=0.7448
2025-11-01 00:12:32,012 - Pruned node → nodes=4665, val_acc=0.7460
2025-11-01 00:12:32,705 - Pruned node → nodes=4655, val_acc=0.7471
2025-11-01 00:12:33,210 - Pruned node → nodes=4653, val_acc=0.7483
2025-11-01 00:12:34,456 - Pruned node → nodes=4651, val_acc=0.7494
2025-11-01 00:12:35,185 - Pruned node → nodes=4639, val_acc=0.7506
2025-11-01 00:12:35,615 - Pruned node → nodes=4631, val_acc=0.7517
2025-11-01 00:12:36,346 - Pruned node → nodes=4629, val_acc=0.7529
2025-11-01 00:12:37,225 - Pruned node → nodes=4627, val_acc=0.7540
2025-11-01 00:12:37,881 - Pruned node → nodes=4625, val_acc=0.7552
2025-11-01 00:12:38,954 - Pruned node → nodes=4603, val_acc=0.7563
2025-11-01 00:12:39,535 - Pruned node → nodes=4597, val_acc=0.7575
2025-11-01 00:12:40,562 - Pruned node → nodes=4463, val_acc=0.7586
2025-11-01 00:12:41,873 - Pruned node → nodes=4453, val_acc=0.7598
2025-11-01 00:12:42,853 - Pruned node → nodes=4451, val_acc=0.7609
2025-11-01 00:12:43,869 - Pruned node → nodes=4449, val_acc=0.7621
2025-11-01 00:12:45,375 - Pruned node → nodes=4413, val_acc=0.7644
2025-11-01 00:12:46,137 - Pruned node → nodes=4411, val_acc=0.7655
2025-11-01 00:12:46,894 - Pruned node → nodes=4405, val_acc=0.7667
2025-11-01 00:12:47,505 - Pruned node → nodes=4399, val_acc=0.7678
2025-11-01 00:12:47,932 - Pruned node → nodes=4397, val_acc=0.7690
2025-11-01 00:12:48,653 - Pruned node → nodes=4395, val_acc=0.7701
2025-11-01 00:12:49,452 - Pruned node → nodes=4373, val_acc=0.7713
2025-11-01 00:12:50,135 - Pruned node → nodes=4357, val_acc=0.7724
2025-11-01 00:12:50,965 - Pruned node → nodes=4347, val_acc=0.7736
2025-11-01 00:12:52,017 - Pruned node → nodes=4345, val_acc=0.7747
2025-11-01 00:12:53,288 - Pruned node → nodes=4327, val_acc=0.7759
2025-11-01 00:12:53,859 - Pruned node → nodes=4323, val_acc=0.7770
2025-11-01 00:12:55,122 - Bottom-up pruning complete. Final nodes=4323, best_val_acc=0.7770
→ Plotting pruning curve

Done.