yscl4@yscl4:~/trishanku/IITD_MSR_1stSem/ML_ASSIGNMENT_A3/Q1/question_d$ python3 d.py ../data/train.csv ../data/validation.csv ../data/test.csv ../outputs/predictionD.csv
Loading data files ...
Shape of train_data : (7827, 14)
Shape of validation_data : (870, 14)
Shape of test_data : (967, 14)
Encoding categorical columns ...
categorical_cols ['team', 'opp', 'host', 'month', 'day_match']
multi_cat_cols ['team', 'opp', 'host', 'month', 'day_match']
After pre-processing
Shape of trainDataX is : (7827, 75)
Shape of trainDataY is : (7827,)
Shape of testDataX is : (967, 75)
Shape of testDataY is : (967,)
Shape of validationDataX is : (870, 75)
Shape of validationDataY is : (870,)
Testing maxDepth = 15 using Gini index
Training Decision Tree ...
Post-Pruning the tree (Greedy) ...
2025-11-01 00:34:13,800 - Start bottom-up pruning: nodes=2577, val_acc=0.6161
2025-11-01 00:34:14,963 - Pruned node → nodes=2573, val_acc=0.6172
2025-11-01 00:34:15,650 - Pruned node → nodes=2571, val_acc=0.6184
2025-11-01 00:34:17,071 - Pruned node → nodes=2567, val_acc=0.6195
2025-11-01 00:34:20,640 - Pruned node → nodes=2545, val_acc=0.6207
2025-11-01 00:34:21,259 - Pruned node → nodes=2543, val_acc=0.6218
2025-11-01 00:34:22,068 - Pruned node → nodes=2539, val_acc=0.6230
2025-11-01 00:34:23,386 - Pruned node → nodes=2537, val_acc=0.6241
2025-11-01 00:34:24,032 - Pruned node → nodes=2525, val_acc=0.6253
2025-11-01 00:34:24,868 - Pruned node → nodes=2521, val_acc=0.6264
2025-11-01 00:34:26,405 - Pruned node → nodes=2515, val_acc=0.6276
2025-11-01 00:34:26,826 - Pruned node → nodes=2513, val_acc=0.6287
2025-11-01 00:34:27,692 - Pruned node → nodes=2499, val_acc=0.6299
2025-11-01 00:34:28,238 - Pruned node → nodes=2487, val_acc=0.6310
2025-11-01 00:34:28,685 - Pruned node → nodes=2485, val_acc=0.6333
2025-11-01 00:34:29,104 - Pruned node → nodes=2483, val_acc=0.6356
2025-11-01 00:34:29,814 - Pruned node → nodes=2481, val_acc=0.6379
2025-11-01 00:34:30,839 - Pruned node → nodes=2475, val_acc=0.6391
2025-11-01 00:34:31,227 - Pruned node → nodes=2473, val_acc=0.6402
2025-11-01 00:34:32,064 - Pruned node → nodes=2465, val_acc=0.6414
2025-11-01 00:34:33,152 - Pruned node → nodes=2463, val_acc=0.6425
2025-11-01 00:34:33,538 - Pruned node → nodes=2453, val_acc=0.6437
2025-11-01 00:34:34,021 - Pruned node → nodes=2443, val_acc=0.6460
2025-11-01 00:34:34,597 - Pruned node → nodes=2441, val_acc=0.6471
2025-11-01 00:34:35,047 - Pruned node → nodes=2433, val_acc=0.6494
2025-11-01 00:34:35,721 - Pruned node → nodes=2429, val_acc=0.6506
2025-11-01 00:34:36,710 - Pruned node → nodes=2425, val_acc=0.6517
2025-11-01 00:34:37,415 - Pruned node → nodes=2409, val_acc=0.6540
2025-11-01 00:34:38,366 - Pruned node → nodes=2401, val_acc=0.6552
2025-11-01 00:34:38,972 - Pruned node → nodes=2397, val_acc=0.6563
2025-11-01 00:34:39,740 - Pruned node → nodes=2379, val_acc=0.6575
2025-11-01 00:34:40,561 - Pruned node → nodes=2377, val_acc=0.6598
2025-11-01 00:34:40,946 - Pruned node → nodes=2375, val_acc=0.6609
2025-11-01 00:34:41,803 - Pruned node → nodes=2373, val_acc=0.6632
2025-11-01 00:34:42,407 - Pruned node → nodes=2371, val_acc=0.6644
2025-11-01 00:34:42,856 - Pruned node → nodes=2369, val_acc=0.6655
2025-11-01 00:34:43,240 - Pruned node → nodes=2359, val_acc=0.6678
2025-11-01 00:34:43,594 - Pruned node → nodes=2357, val_acc=0.6690
2025-11-01 00:34:44,331 - Pruned node → nodes=2353, val_acc=0.6701
2025-11-01 00:34:44,970 - Pruned node → nodes=2347, val_acc=0.6713
2025-11-01 00:34:46,901 - Pruned node → nodes=2337, val_acc=0.6724
2025-11-01 00:34:47,512 - Pruned node → nodes=2331, val_acc=0.6736
2025-11-01 00:34:47,931 - Pruned node → nodes=2325, val_acc=0.6747
2025-11-01 00:34:48,570 - Pruned node → nodes=2311, val_acc=0.6759
2025-11-01 00:34:49,397 - Pruned node → nodes=2297, val_acc=0.6770
2025-11-01 00:34:49,851 - Pruned node → nodes=2271, val_acc=0.6782
2025-11-01 00:34:51,263 - Pruned node → nodes=2269, val_acc=0.6805
2025-11-01 00:34:52,119 - Pruned node → nodes=2257, val_acc=0.6816
2025-11-01 00:34:53,691 - Pruned node → nodes=2253, val_acc=0.6828
2025-11-01 00:34:54,984 - Pruned node → nodes=2251, val_acc=0.6839
2025-11-01 00:34:55,434 - Pruned node → nodes=2239, val_acc=0.6862
2025-11-01 00:34:55,790 - Pruned node → nodes=2237, val_acc=0.6874
2025-11-01 00:34:56,361 - Pruned node → nodes=2231, val_acc=0.6885
2025-11-01 00:34:58,081 - Pruned node → nodes=2225, val_acc=0.6897
2025-11-01 00:34:58,436 - Pruned node → nodes=2223, val_acc=0.6908
2025-11-01 00:34:59,134 - Pruned node → nodes=2205, val_acc=0.6920
2025-11-01 00:35:00,932 - Pruned node → nodes=2191, val_acc=0.6931
2025-11-01 00:35:01,629 - Pruned node → nodes=2187, val_acc=0.6943
2025-11-01 00:35:02,020 - Pruned node → nodes=2183, val_acc=0.6954
2025-11-01 00:35:02,436 - Pruned node → nodes=2177, val_acc=0.6966
2025-11-01 00:35:03,708 - Pruned node → nodes=2175, val_acc=0.6977
2025-11-01 00:35:04,378 - Pruned node → nodes=2153, val_acc=0.6989
2025-11-01 00:35:05,015 - Pruned node → nodes=2151, val_acc=0.7000
2025-11-01 00:35:06,089 - Pruned node → nodes=2143, val_acc=0.7011
2025-11-01 00:35:06,444 - Pruned node → nodes=2141, val_acc=0.7023
2025-11-01 00:35:07,173 - Pruned node → nodes=2139, val_acc=0.7034
2025-11-01 00:35:07,872 - Pruned node → nodes=2137, val_acc=0.7046
2025-11-01 00:35:08,510 - Pruned node → nodes=2135, val_acc=0.7057
2025-11-01 00:35:09,052 - Pruned node → nodes=2133, val_acc=0.7080
2025-11-01 00:35:09,692 - Pruned node → nodes=2123, val_acc=0.7103
2025-11-01 00:35:10,233 - Pruned node → nodes=2117, val_acc=0.7115
2025-11-01 00:35:11,718 - Pruned node → nodes=2107, val_acc=0.7126
2025-11-01 00:35:12,539 - Pruned node → nodes=2105, val_acc=0.7138
2025-11-01 00:35:13,428 - Pruned node → nodes=2103, val_acc=0.7149
2025-11-01 00:35:14,534 - Pruned node → nodes=2075, val_acc=0.7172
2025-11-01 00:35:15,108 - Pruned node → nodes=2073, val_acc=0.7184
2025-11-01 00:35:15,710 - Pruned node → nodes=2069, val_acc=0.7195
2025-11-01 00:35:16,375 - Pruned node → nodes=2067, val_acc=0.7207
2025-11-01 00:35:16,824 - Pruned node → nodes=2059, val_acc=0.7218
2025-11-01 00:35:17,177 - Pruned node → nodes=2057, val_acc=0.7230
2025-11-01 00:35:17,717 - Pruned node → nodes=2043, val_acc=0.7241
2025-11-01 00:35:18,351 - Pruned node → nodes=2033, val_acc=0.7253
2025-11-01 00:35:19,266 - Pruned node → nodes=2025, val_acc=0.7264
2025-11-01 00:35:20,090 - Pruned node → nodes=2005, val_acc=0.7276
2025-11-01 00:35:20,568 - Pruned node → nodes=2001, val_acc=0.7287
2025-11-01 00:35:21,640 - Bottom-up pruning complete. Final nodes=2001, best_val_acc=0.7287
Saved plot: plots/prune_curve_depth_15.png
Testing maxDepth = 25 using Gini index
Training Decision Tree ...
Post-Pruning the tree (Greedy) ...
2025-11-01 00:36:27,514 - Start bottom-up pruning: nodes=5041, val_acc=0.5782
2025-11-01 00:36:28,830 - Pruned node → nodes=5039, val_acc=0.5793
2025-11-01 00:36:29,426 - Pruned node → nodes=5035, val_acc=0.5805
2025-11-01 00:36:30,200 - Pruned node → nodes=5033, val_acc=0.5816
2025-11-01 00:36:32,238 - Pruned node → nodes=5029, val_acc=0.5828
2025-11-01 00:36:36,342 - Pruned node → nodes=5007, val_acc=0.5839
2025-11-01 00:36:37,042 - Pruned node → nodes=5005, val_acc=0.5851
2025-11-01 00:36:38,100 - Pruned node → nodes=5001, val_acc=0.5862
2025-11-01 00:36:38,652 - Pruned node → nodes=4995, val_acc=0.5874
2025-11-01 00:36:41,220 - Pruned node → nodes=4991, val_acc=0.5897
2025-11-01 00:36:41,668 - Pruned node → nodes=4987, val_acc=0.5908
2025-11-01 00:36:42,079 - Pruned node → nodes=4985, val_acc=0.5920
2025-11-01 00:36:42,920 - Pruned node → nodes=4967, val_acc=0.5931
2025-11-01 00:36:43,867 - Pruned node → nodes=4963, val_acc=0.5943
2025-11-01 00:36:45,352 - Pruned node → nodes=4959, val_acc=0.5954
2025-11-01 00:36:46,770 - Pruned node → nodes=4957, val_acc=0.5966
2025-11-01 00:36:47,183 - Pruned node → nodes=4953, val_acc=0.5977
2025-11-01 00:36:47,666 - Pruned node → nodes=4931, val_acc=0.5989
2025-11-01 00:36:48,972 - Pruned node → nodes=4929, val_acc=0.6000
2025-11-01 00:36:49,419 - Pruned node → nodes=4925, val_acc=0.6011
2025-11-01 00:36:50,473 - Pruned node → nodes=4921, val_acc=0.6023
2025-11-01 00:36:51,027 - Pruned node → nodes=4919, val_acc=0.6034
2025-11-01 00:36:51,509 - Pruned node → nodes=4913, val_acc=0.6046
2025-11-01 00:36:52,528 - Pruned node → nodes=4905, val_acc=0.6057
2025-11-01 00:36:54,013 - Pruned node → nodes=4903, val_acc=0.6080
2025-11-01 00:36:55,457 - Pruned node → nodes=4901, val_acc=0.6092
2025-11-01 00:36:57,226 - Pruned node → nodes=4895, val_acc=0.6103
2025-11-01 00:36:58,391 - Pruned node → nodes=4883, val_acc=0.6126
2025-11-01 00:36:58,942 - Pruned node → nodes=4873, val_acc=0.6138
2025-11-01 00:36:59,530 - Pruned node → nodes=4871, val_acc=0.6149
2025-11-01 00:36:59,975 - Pruned node → nodes=4867, val_acc=0.6161
2025-11-01 00:37:02,458 - Pruned node → nodes=4861, val_acc=0.6172
2025-11-01 00:37:03,330 - Pruned node → nodes=4851, val_acc=0.6184
2025-11-01 00:37:03,919 - Pruned node → nodes=4847, val_acc=0.6207
2025-11-01 00:37:04,576 - Pruned node → nodes=4845, val_acc=0.6218
2025-11-01 00:37:06,886 - Pruned node → nodes=4819, val_acc=0.6230
2025-11-01 00:37:07,514 - Pruned node → nodes=4807, val_acc=0.6241
2025-11-01 00:37:08,956 - Pruned node → nodes=4783, val_acc=0.6264
2025-11-01 00:37:09,835 - Pruned node → nodes=4781, val_acc=0.6276
2025-11-01 00:37:11,752 - Pruned node → nodes=4779, val_acc=0.6287
2025-11-01 00:37:13,484 - Pruned node → nodes=4775, val_acc=0.6299
2025-11-01 00:37:14,216 - Pruned node → nodes=4765, val_acc=0.6310
2025-11-01 00:37:15,127 - Pruned node → nodes=4761, val_acc=0.6322
2025-11-01 00:37:15,570 - Pruned node → nodes=4759, val_acc=0.6333
2025-11-01 00:37:16,014 - Pruned node → nodes=4753, val_acc=0.6345
2025-11-01 00:37:17,284 - Pruned node → nodes=4751, val_acc=0.6356
2025-11-01 00:37:17,838 - Pruned node → nodes=4725, val_acc=0.6368
2025-11-01 00:37:18,747 - Pruned node → nodes=4715, val_acc=0.6379
2025-11-01 00:37:19,154 - Pruned node → nodes=4713, val_acc=0.6391
2025-11-01 00:37:19,777 - Pruned node → nodes=4699, val_acc=0.6402
2025-11-01 00:37:20,964 - Pruned node → nodes=4685, val_acc=0.6414
2025-11-01 00:37:21,838 - Pruned node → nodes=4661, val_acc=0.6425
2025-11-01 00:37:22,243 - Pruned node → nodes=4655, val_acc=0.6437
2025-11-01 00:37:23,149 - Pruned node → nodes=4639, val_acc=0.6448
2025-11-01 00:37:23,842 - Pruned node → nodes=4625, val_acc=0.6471
2025-11-01 00:37:25,108 - Pruned node → nodes=4609, val_acc=0.6483
2025-11-01 00:37:27,014 - Pruned node → nodes=4553, val_acc=0.6494
2025-11-01 00:37:27,845 - Pruned node → nodes=4537, val_acc=0.6506
2025-11-01 00:37:28,353 - Pruned node → nodes=4529, val_acc=0.6517
2025-11-01 00:37:29,324 - Pruned node → nodes=4527, val_acc=0.6529
2025-11-01 00:37:30,837 - Pruned node → nodes=4509, val_acc=0.6540
2025-11-01 00:37:32,121 - Pruned node → nodes=4503, val_acc=0.6552
2025-11-01 00:37:32,562 - Pruned node → nodes=4501, val_acc=0.6563
2025-11-01 00:37:33,812 - Pruned node → nodes=4475, val_acc=0.6575
2025-11-01 00:37:35,071 - Pruned node → nodes=4473, val_acc=0.6598
2025-11-01 00:37:35,829 - Pruned node → nodes=4467, val_acc=0.6609
2025-11-01 00:37:36,519 - Pruned node → nodes=4465, val_acc=0.6621
2025-11-01 00:37:37,209 - Pruned node → nodes=4431, val_acc=0.6644
2025-11-01 00:37:38,330 - Pruned node → nodes=4427, val_acc=0.6655
2025-11-01 00:37:39,091 - Pruned node → nodes=4391, val_acc=0.6667
2025-11-01 00:37:39,854 - Pruned node → nodes=4387, val_acc=0.6678
2025-11-01 00:37:40,648 - Pruned node → nodes=4385, val_acc=0.6690
2025-11-01 00:37:41,376 - Pruned node → nodes=4381, val_acc=0.6701
2025-11-01 00:37:41,815 - Pruned node → nodes=4379, val_acc=0.6713
2025-11-01 00:37:42,644 - Pruned node → nodes=4373, val_acc=0.6724
2025-11-01 00:37:43,260 - Pruned node → nodes=4347, val_acc=0.6736
2025-11-01 00:37:44,479 - Pruned node → nodes=4339, val_acc=0.6747
2025-11-01 00:37:45,057 - Pruned node → nodes=4335, val_acc=0.6759
2025-11-01 00:37:45,744 - Pruned node → nodes=4317, val_acc=0.6782
2025-11-01 00:37:46,983 - Pruned node → nodes=4309, val_acc=0.6793
2025-11-01 00:37:47,705 - Pruned node → nodes=4305, val_acc=0.6805
2025-11-01 00:37:48,567 - Pruned node → nodes=4287, val_acc=0.6816
2025-11-01 00:37:49,737 - Pruned node → nodes=4273, val_acc=0.6839
2025-11-01 00:37:51,196 - Pruned node → nodes=4243, val_acc=0.6885
2025-11-01 00:37:51,633 - Pruned node → nodes=4239, val_acc=0.6897
2025-11-01 00:37:52,423 - Pruned node → nodes=4229, val_acc=0.6908
2025-11-01 00:37:53,882 - Pruned node → nodes=4225, val_acc=0.6920
2025-11-01 00:37:54,598 - Pruned node → nodes=4221, val_acc=0.6931
2025-11-01 00:37:55,102 - Pruned node → nodes=4219, val_acc=0.6966
2025-11-01 00:37:56,133 - Pruned node → nodes=4201, val_acc=0.6977
2025-11-01 00:37:57,128 - Pruned node → nodes=4197, val_acc=0.6989
2025-11-01 00:37:57,914 - Pruned node → nodes=4195, val_acc=0.7000
2025-11-01 00:37:58,526 - Pruned node → nodes=4181, val_acc=0.7011
2025-11-01 00:37:59,244 - Pruned node → nodes=4175, val_acc=0.7023
2025-11-01 00:38:02,037 - Pruned node → nodes=4165, val_acc=0.7034
2025-11-01 00:38:02,720 - Pruned node → nodes=4159, val_acc=0.7046
2025-11-01 00:38:03,192 - Pruned node → nodes=4153, val_acc=0.7057
2025-11-01 00:38:04,015 - Pruned node → nodes=4133, val_acc=0.7069
2025-11-01 00:38:04,979 - Pruned node → nodes=4119, val_acc=0.7080
2025-11-01 00:38:05,486 - Pruned node → nodes=4091, val_acc=0.7092
2025-11-01 00:38:06,708 - Pruned node → nodes=4081, val_acc=0.7103
2025-11-01 00:38:08,399 - Pruned node → nodes=4071, val_acc=0.7115
2025-11-01 00:38:09,009 - Pruned node → nodes=4069, val_acc=0.7126
2025-11-01 00:38:09,769 - Pruned node → nodes=4067, val_acc=0.7149
2025-11-01 00:38:10,762 - Pruned node → nodes=4053, val_acc=0.7161
2025-11-01 00:38:12,487 - Pruned node → nodes=4049, val_acc=0.7172
2025-11-01 00:38:13,723 - Pruned node → nodes=4045, val_acc=0.7184
2025-11-01 00:38:14,540 - Pruned node → nodes=4043, val_acc=0.7195
2025-11-01 00:38:15,148 - Pruned node → nodes=4035, val_acc=0.7218
2025-11-01 00:38:15,584 - Pruned node → nodes=4033, val_acc=0.7230
2025-11-01 00:38:16,226 - Pruned node → nodes=4031, val_acc=0.7241
2025-11-01 00:38:17,922 - Pruned node → nodes=4009, val_acc=0.7253
2025-11-01 00:38:19,329 - Pruned node → nodes=4007, val_acc=0.7264
2025-11-01 00:38:19,834 - Pruned node → nodes=3995, val_acc=0.7287
2025-11-01 00:38:20,231 - Pruned node → nodes=3993, val_acc=0.7299
2025-11-01 00:38:20,872 - Pruned node → nodes=3987, val_acc=0.7310
2025-11-01 00:38:22,540 - Pruned node → nodes=3983, val_acc=0.7322
2025-11-01 00:38:23,597 - Pruned node → nodes=3963, val_acc=0.7333
2025-11-01 00:38:23,997 - Pruned node → nodes=3961, val_acc=0.7345
2025-11-01 00:38:24,810 - Pruned node → nodes=3941, val_acc=0.7356
2025-11-01 00:38:26,806 - Pruned node → nodes=3927, val_acc=0.7368
2025-11-01 00:38:27,586 - Pruned node → nodes=3923, val_acc=0.7379
2025-11-01 00:38:28,016 - Pruned node → nodes=3919, val_acc=0.7391
2025-11-01 00:38:28,481 - Pruned node → nodes=3913, val_acc=0.7402
2025-11-01 00:38:29,891 - Pruned node → nodes=3911, val_acc=0.7414
2025-11-01 00:38:30,638 - Pruned node → nodes=3889, val_acc=0.7425
2025-11-01 00:38:31,451 - Pruned node → nodes=3887, val_acc=0.7437
2025-11-01 00:38:32,712 - Pruned node → nodes=3879, val_acc=0.7448
2025-11-01 00:38:33,662 - Pruned node → nodes=3877, val_acc=0.7460
2025-11-01 00:38:34,474 - Pruned node → nodes=3875, val_acc=0.7471
2025-11-01 00:38:35,217 - Pruned node → nodes=3873, val_acc=0.7483
2025-11-01 00:38:35,822 - Pruned node → nodes=3871, val_acc=0.7506
2025-11-01 00:38:36,528 - Pruned node → nodes=3861, val_acc=0.7529
2025-11-01 00:38:37,132 - Pruned node → nodes=3855, val_acc=0.7540
2025-11-01 00:38:38,983 - Pruned node → nodes=3845, val_acc=0.7552
2025-11-01 00:38:39,908 - Pruned node → nodes=3843, val_acc=0.7563
2025-11-01 00:38:40,898 - Pruned node → nodes=3841, val_acc=0.7575
2025-11-01 00:38:42,126 - Pruned node → nodes=3813, val_acc=0.7598
2025-11-01 00:38:42,834 - Pruned node → nodes=3811, val_acc=0.7609
2025-11-01 00:38:43,507 - Pruned node → nodes=3807, val_acc=0.7621
2025-11-01 00:38:44,041 - Pruned node → nodes=3803, val_acc=0.7632
2025-11-01 00:38:44,506 - Pruned node → nodes=3799, val_acc=0.7644
2025-11-01 00:38:45,178 - Pruned node → nodes=3797, val_acc=0.7655
2025-11-01 00:38:45,919 - Pruned node → nodes=3775, val_acc=0.7667
2025-11-01 00:38:46,312 - Pruned node → nodes=3773, val_acc=0.7678
2025-11-01 00:38:46,947 - Pruned node → nodes=3757, val_acc=0.7690
2025-11-01 00:38:47,653 - Pruned node → nodes=3747, val_acc=0.7701
2025-11-01 00:38:48,806 - Pruned node → nodes=3739, val_acc=0.7713
2025-11-01 00:38:49,721 - Pruned node → nodes=3719, val_acc=0.7724
2025-11-01 00:38:50,254 - Pruned node → nodes=3715, val_acc=0.7736
2025-11-01 00:38:51,441 - Bottom-up pruning complete. Final nodes=3715, best_val_acc=0.7736
Saved plot: plots/prune_curve_depth_25.png
Testing maxDepth = 35 using Gini index
Training Decision Tree ...
Post-Pruning the tree (Greedy) ...
2025-11-01 00:40:02,938 - Start bottom-up pruning: nodes=5557, val_acc=0.5724
2025-11-01 00:40:04,305 - Pruned node → nodes=5555, val_acc=0.5736
2025-11-01 00:40:04,925 - Pruned node → nodes=5551, val_acc=0.5747
2025-11-01 00:40:05,731 - Pruned node → nodes=5549, val_acc=0.5759
2025-11-01 00:40:07,855 - Pruned node → nodes=5545, val_acc=0.5770
2025-11-01 00:40:12,125 - Pruned node → nodes=5523, val_acc=0.5782
2025-11-01 00:40:12,860 - Pruned node → nodes=5521, val_acc=0.5793
2025-11-01 00:40:13,974 - Pruned node → nodes=5517, val_acc=0.5805
2025-11-01 00:40:14,550 - Pruned node → nodes=5511, val_acc=0.5816
2025-11-01 00:40:17,236 - Pruned node → nodes=5507, val_acc=0.5839
2025-11-01 00:40:17,708 - Pruned node → nodes=5503, val_acc=0.5851
2025-11-01 00:40:18,135 - Pruned node → nodes=5501, val_acc=0.5862
2025-11-01 00:40:19,015 - Pruned node → nodes=5483, val_acc=0.5874
2025-11-01 00:40:20,010 - Pruned node → nodes=5479, val_acc=0.5885
2025-11-01 00:40:21,113 - Pruned node → nodes=5477, val_acc=0.5897
2025-11-01 00:40:22,626 - Pruned node → nodes=5475, val_acc=0.5908
2025-11-01 00:40:23,862 - Pruned node → nodes=5463, val_acc=0.5920
2025-11-01 00:40:24,408 - Pruned node → nodes=5457, val_acc=0.5931
2025-11-01 00:40:25,988 - Pruned node → nodes=5453, val_acc=0.5943
2025-11-01 00:40:26,907 - Pruned node → nodes=5451, val_acc=0.5954
2025-11-01 00:40:27,450 - Pruned node → nodes=5443, val_acc=0.5966
2025-11-01 00:40:29,575 - Pruned node → nodes=5439, val_acc=0.5977
2025-11-01 00:40:31,322 - Pruned node → nodes=5435, val_acc=0.5989
2025-11-01 00:40:31,750 - Pruned node → nodes=5431, val_acc=0.6000
2025-11-01 00:40:32,256 - Pruned node → nodes=5405, val_acc=0.6011
2025-11-01 00:40:33,771 - Pruned node → nodes=5403, val_acc=0.6023
2025-11-01 00:40:34,237 - Pruned node → nodes=5399, val_acc=0.6034
2025-11-01 00:40:35,415 - Pruned node → nodes=5395, val_acc=0.6046
2025-11-01 00:40:36,294 - Pruned node → nodes=5379, val_acc=0.6057
2025-11-01 00:40:36,947 - Pruned node → nodes=5377, val_acc=0.6069
2025-11-01 00:40:38,196 - Pruned node → nodes=5369, val_acc=0.6080
2025-11-01 00:40:39,742 - Pruned node → nodes=5367, val_acc=0.6103
2025-11-01 00:40:41,252 - Pruned node → nodes=5365, val_acc=0.6115
2025-11-01 00:40:44,164 - Pruned node → nodes=5351, val_acc=0.6126
2025-11-01 00:40:44,816 - Pruned node → nodes=5337, val_acc=0.6138
2025-11-01 00:40:45,433 - Pruned node → nodes=5335, val_acc=0.6149
2025-11-01 00:40:45,899 - Pruned node → nodes=5331, val_acc=0.6161
2025-11-01 00:40:48,609 - Pruned node → nodes=5319, val_acc=0.6172
2025-11-01 00:40:49,526 - Pruned node → nodes=5309, val_acc=0.6184
2025-11-01 00:40:50,144 - Pruned node → nodes=5305, val_acc=0.6207
2025-11-01 00:40:50,833 - Pruned node → nodes=5303, val_acc=0.6218
2025-11-01 00:40:53,241 - Pruned node → nodes=5277, val_acc=0.6230
2025-11-01 00:40:53,893 - Pruned node → nodes=5265, val_acc=0.6241
2025-11-01 00:40:55,472 - Pruned node → nodes=5237, val_acc=0.6264
2025-11-01 00:40:56,459 - Pruned node → nodes=5233, val_acc=0.6276
2025-11-01 00:40:58,528 - Pruned node → nodes=5231, val_acc=0.6287
2025-11-01 00:40:59,325 - Pruned node → nodes=5219, val_acc=0.6299
2025-11-01 00:41:00,055 - Pruned node → nodes=5217, val_acc=0.6310
2025-11-01 00:41:01,340 - Pruned node → nodes=5215, val_acc=0.6322
2025-11-01 00:41:02,175 - Pruned node → nodes=5211, val_acc=0.6345
2025-11-01 00:41:03,012 - Pruned node → nodes=5209, val_acc=0.6356
2025-11-01 00:41:04,818 - Pruned node → nodes=5205, val_acc=0.6368
2025-11-01 00:41:05,577 - Pruned node → nodes=5195, val_acc=0.6379
2025-11-01 00:41:06,525 - Pruned node → nodes=5191, val_acc=0.6391
2025-11-01 00:41:06,987 - Pruned node → nodes=5189, val_acc=0.6402
2025-11-01 00:41:07,452 - Pruned node → nodes=5183, val_acc=0.6414
2025-11-01 00:41:08,773 - Pruned node → nodes=5181, val_acc=0.6425
2025-11-01 00:41:09,348 - Pruned node → nodes=5155, val_acc=0.6437
2025-11-01 00:41:10,301 - Pruned node → nodes=5145, val_acc=0.6448
2025-11-01 00:41:10,727 - Pruned node → nodes=5143, val_acc=0.6460
2025-11-01 00:41:11,380 - Pruned node → nodes=5129, val_acc=0.6471
2025-11-01 00:41:12,617 - Pruned node → nodes=5115, val_acc=0.6483
2025-11-01 00:41:13,529 - Pruned node → nodes=5091, val_acc=0.6494
2025-11-01 00:41:13,957 - Pruned node → nodes=5085, val_acc=0.6506
2025-11-01 00:41:14,900 - Pruned node → nodes=5069, val_acc=0.6517
2025-11-01 00:41:15,630 - Pruned node → nodes=5055, val_acc=0.6540
2025-11-01 00:41:16,953 - Pruned node → nodes=5039, val_acc=0.6552
2025-11-01 00:41:19,014 - Pruned node → nodes=4979, val_acc=0.6563
2025-11-01 00:41:19,889 - Pruned node → nodes=4963, val_acc=0.6575
2025-11-01 00:41:20,419 - Pruned node → nodes=4955, val_acc=0.6586
2025-11-01 00:41:21,434 - Pruned node → nodes=4953, val_acc=0.6598
2025-11-01 00:41:23,010 - Pruned node → nodes=4935, val_acc=0.6609
2025-11-01 00:41:24,353 - Pruned node → nodes=4929, val_acc=0.6621
2025-11-01 00:41:24,815 - Pruned node → nodes=4927, val_acc=0.6632
2025-11-01 00:41:26,120 - Pruned node → nodes=4901, val_acc=0.6644
2025-11-01 00:41:27,433 - Pruned node → nodes=4899, val_acc=0.6667
2025-11-01 00:41:28,227 - Pruned node → nodes=4893, val_acc=0.6678
2025-11-01 00:41:28,943 - Pruned node → nodes=4891, val_acc=0.6690
2025-11-01 00:41:29,665 - Pruned node → nodes=4857, val_acc=0.6713
2025-11-01 00:41:30,827 - Pruned node → nodes=4853, val_acc=0.6724
2025-11-01 00:41:31,623 - Pruned node → nodes=4817, val_acc=0.6736
2025-11-01 00:41:32,412 - Pruned node → nodes=4813, val_acc=0.6747
2025-11-01 00:41:33,239 - Pruned node → nodes=4811, val_acc=0.6759
2025-11-01 00:41:33,993 - Pruned node → nodes=4807, val_acc=0.6770
2025-11-01 00:41:34,451 - Pruned node → nodes=4805, val_acc=0.6782
2025-11-01 00:41:35,313 - Pruned node → nodes=4799, val_acc=0.6793
2025-11-01 00:41:35,955 - Pruned node → nodes=4773, val_acc=0.6805
2025-11-01 00:41:37,225 - Pruned node → nodes=4765, val_acc=0.6816
2025-11-01 00:41:37,832 - Pruned node → nodes=4761, val_acc=0.6828
2025-11-01 00:41:38,549 - Pruned node → nodes=4743, val_acc=0.6851
2025-11-01 00:41:39,847 - Pruned node → nodes=4735, val_acc=0.6862
2025-11-01 00:41:40,597 - Pruned node → nodes=4731, val_acc=0.6874
2025-11-01 00:41:41,498 - Pruned node → nodes=4713, val_acc=0.6885
2025-11-01 00:41:42,713 - Pruned node → nodes=4699, val_acc=0.6908
2025-11-01 00:41:44,238 - Pruned node → nodes=4669, val_acc=0.6954
2025-11-01 00:41:44,698 - Pruned node → nodes=4665, val_acc=0.6966
2025-11-01 00:41:45,523 - Pruned node → nodes=4655, val_acc=0.6977
2025-11-01 00:41:47,048 - Pruned node → nodes=4651, val_acc=0.6989
2025-11-01 00:41:47,803 - Pruned node → nodes=4647, val_acc=0.7000
2025-11-01 00:41:48,329 - Pruned node → nodes=4645, val_acc=0.7034
2025-11-01 00:41:49,407 - Pruned node → nodes=4627, val_acc=0.7046
2025-11-01 00:41:50,449 - Pruned node → nodes=4623, val_acc=0.7057
2025-11-01 00:41:51,271 - Pruned node → nodes=4621, val_acc=0.7069
2025-11-01 00:41:51,913 - Pruned node → nodes=4607, val_acc=0.7080
2025-11-01 00:41:52,660 - Pruned node → nodes=4601, val_acc=0.7092
2025-11-01 00:41:55,567 - Pruned node → nodes=4591, val_acc=0.7103
2025-11-01 00:41:56,280 - Pruned node → nodes=4585, val_acc=0.7115
2025-11-01 00:41:56,776 - Pruned node → nodes=4579, val_acc=0.7126
2025-11-01 00:41:57,634 - Pruned node → nodes=4559, val_acc=0.7138
2025-11-01 00:41:58,637 - Pruned node → nodes=4545, val_acc=0.7149
2025-11-01 00:41:59,166 - Pruned node → nodes=4517, val_acc=0.7161
2025-11-01 00:42:00,448 - Pruned node → nodes=4507, val_acc=0.7172
2025-11-01 00:42:02,211 - Pruned node → nodes=4497, val_acc=0.7184
2025-11-01 00:42:02,846 - Pruned node → nodes=4495, val_acc=0.7195
2025-11-01 00:42:03,622 - Pruned node → nodes=4493, val_acc=0.7218
2025-11-01 00:42:04,657 - Pruned node → nodes=4479, val_acc=0.7230
2025-11-01 00:42:06,453 - Pruned node → nodes=4475, val_acc=0.7241
2025-11-01 00:42:07,778 - Pruned node → nodes=4471, val_acc=0.7253
2025-11-01 00:42:08,681 - Pruned node → nodes=4469, val_acc=0.7264
2025-11-01 00:42:09,372 - Pruned node → nodes=4459, val_acc=0.7287
2025-11-01 00:42:09,830 - Pruned node → nodes=4457, val_acc=0.7299
2025-11-01 00:42:10,503 - Pruned node → nodes=4455, val_acc=0.7310
2025-11-01 00:42:12,338 - Pruned node → nodes=4433, val_acc=0.7322
2025-11-01 00:42:13,806 - Pruned node → nodes=4431, val_acc=0.7333
2025-11-01 00:42:14,332 - Pruned node → nodes=4419, val_acc=0.7356
2025-11-01 00:42:14,750 - Pruned node → nodes=4417, val_acc=0.7368
2025-11-01 00:42:15,420 - Pruned node → nodes=4411, val_acc=0.7379
2025-11-01 00:42:17,165 - Pruned node → nodes=4407, val_acc=0.7391
2025-11-01 00:42:18,280 - Pruned node → nodes=4387, val_acc=0.7402
2025-11-01 00:42:18,695 - Pruned node → nodes=4385, val_acc=0.7414
2025-11-01 00:42:19,547 - Pruned node → nodes=4365, val_acc=0.7425
2025-11-01 00:42:21,638 - Pruned node → nodes=4351, val_acc=0.7437
2025-11-01 00:42:22,451 - Pruned node → nodes=4347, val_acc=0.7448
2025-11-01 00:42:22,902 - Pruned node → nodes=4343, val_acc=0.7460
2025-11-01 00:42:23,392 - Pruned node → nodes=4337, val_acc=0.7471
2025-11-01 00:42:24,862 - Pruned node → nodes=4335, val_acc=0.7483
2025-11-01 00:42:25,641 - Pruned node → nodes=4313, val_acc=0.7494
2025-11-01 00:42:26,495 - Pruned node → nodes=4311, val_acc=0.7506
2025-11-01 00:42:27,813 - Pruned node → nodes=4303, val_acc=0.7517
2025-11-01 00:42:28,809 - Pruned node → nodes=4301, val_acc=0.7529
2025-11-01 00:42:29,665 - Pruned node → nodes=4299, val_acc=0.7540
2025-11-01 00:42:30,446 - Pruned node → nodes=4297, val_acc=0.7552
2025-11-01 00:42:31,079 - Pruned node → nodes=4295, val_acc=0.7575
2025-11-01 00:42:31,820 - Pruned node → nodes=4285, val_acc=0.7598
2025-11-01 00:42:32,454 - Pruned node → nodes=4279, val_acc=0.7609
2025-11-01 00:42:34,390 - Pruned node → nodes=4269, val_acc=0.7621
2025-11-01 00:42:35,347 - Pruned node → nodes=4267, val_acc=0.7632
2025-11-01 00:42:36,378 - Pruned node → nodes=4265, val_acc=0.7644
2025-11-01 00:42:37,661 - Pruned node → nodes=4237, val_acc=0.7667
2025-11-01 00:42:38,399 - Pruned node → nodes=4235, val_acc=0.7678
2025-11-01 00:42:39,103 - Pruned node → nodes=4231, val_acc=0.7690
2025-11-01 00:42:39,663 - Pruned node → nodes=4227, val_acc=0.7701
2025-11-01 00:42:40,156 - Pruned node → nodes=4223, val_acc=0.7713
2025-11-01 00:42:40,857 - Pruned node → nodes=4221, val_acc=0.7724
2025-11-01 00:42:41,634 - Pruned node → nodes=4199, val_acc=0.7736
2025-11-01 00:42:42,049 - Pruned node → nodes=4197, val_acc=0.7747
2025-11-01 00:42:42,716 - Pruned node → nodes=4181, val_acc=0.7759
2025-11-01 00:42:43,455 - Pruned node → nodes=4171, val_acc=0.7770
2025-11-01 00:42:44,668 - Pruned node → nodes=4163, val_acc=0.7782
2025-11-01 00:42:45,625 - Pruned node → nodes=4143, val_acc=0.7793
2025-11-01 00:42:46,197 - Pruned node → nodes=4139, val_acc=0.7805
2025-11-01 00:42:47,454 - Bottom-up pruning complete. Final nodes=4139, best_val_acc=0.7805
Saved plot: plots/prune_curve_depth_35.png
 Saved predictions to ../outputs/predictionD.csv
Testing maxDepth = 45 using Gini index
Training Decision Tree ...
Post-Pruning the tree (Greedy) ...
2025-11-01 00:43:59,899 - Start bottom-up pruning: nodes=5705, val_acc=0.5667
2025-11-01 00:44:01,260 - Pruned node → nodes=5703, val_acc=0.5678
2025-11-01 00:44:01,877 - Pruned node → nodes=5699, val_acc=0.5690
2025-11-01 00:44:02,678 - Pruned node → nodes=5697, val_acc=0.5701
2025-11-01 00:44:04,785 - Pruned node → nodes=5693, val_acc=0.5713
2025-11-01 00:44:09,014 - Pruned node → nodes=5671, val_acc=0.5724
2025-11-01 00:44:09,739 - Pruned node → nodes=5669, val_acc=0.5736
2025-11-01 00:44:10,839 - Pruned node → nodes=5665, val_acc=0.5747
2025-11-01 00:44:11,416 - Pruned node → nodes=5659, val_acc=0.5759
2025-11-01 00:44:14,078 - Pruned node → nodes=5655, val_acc=0.5782
2025-11-01 00:44:14,540 - Pruned node → nodes=5651, val_acc=0.5793
2025-11-01 00:44:14,962 - Pruned node → nodes=5649, val_acc=0.5805
2025-11-01 00:44:15,833 - Pruned node → nodes=5631, val_acc=0.5816
2025-11-01 00:44:16,815 - Pruned node → nodes=5627, val_acc=0.5828
2025-11-01 00:44:17,907 - Pruned node → nodes=5625, val_acc=0.5839
2025-11-01 00:44:20,676 - Pruned node → nodes=5623, val_acc=0.5851
2025-11-01 00:44:21,593 - Pruned node → nodes=5621, val_acc=0.5862
2025-11-01 00:44:23,270 - Pruned node → nodes=5613, val_acc=0.5874
2025-11-01 00:44:23,803 - Pruned node → nodes=5611, val_acc=0.5885
2025-11-01 00:44:24,243 - Pruned node → nodes=5605, val_acc=0.5897
2025-11-01 00:44:24,877 - Pruned node → nodes=5599, val_acc=0.5908
2025-11-01 00:44:25,878 - Pruned node → nodes=5587, val_acc=0.5920
2025-11-01 00:44:26,423 - Pruned node → nodes=5581, val_acc=0.5931
2025-11-01 00:44:28,028 - Pruned node → nodes=5575, val_acc=0.5943
2025-11-01 00:44:28,942 - Pruned node → nodes=5573, val_acc=0.5954
2025-11-01 00:44:29,484 - Pruned node → nodes=5565, val_acc=0.5966
2025-11-01 00:44:31,595 - Pruned node → nodes=5561, val_acc=0.5977
2025-11-01 00:44:33,317 - Pruned node → nodes=5557, val_acc=0.5989
2025-11-01 00:44:33,741 - Pruned node → nodes=5553, val_acc=0.6000
2025-11-01 00:44:34,246 - Pruned node → nodes=5527, val_acc=0.6011
2025-11-01 00:44:35,740 - Pruned node → nodes=5525, val_acc=0.6023
2025-11-01 00:44:36,205 - Pruned node → nodes=5521, val_acc=0.6034
2025-11-01 00:44:37,369 - Pruned node → nodes=5517, val_acc=0.6046
2025-11-01 00:44:38,244 - Pruned node → nodes=5501, val_acc=0.6057
2025-11-01 00:44:38,894 - Pruned node → nodes=5499, val_acc=0.6069
2025-11-01 00:44:40,140 - Pruned node → nodes=5491, val_acc=0.6080
2025-11-01 00:44:41,676 - Pruned node → nodes=5489, val_acc=0.6103
2025-11-01 00:44:43,176 - Pruned node → nodes=5487, val_acc=0.6115
2025-11-01 00:44:46,055 - Pruned node → nodes=5473, val_acc=0.6126
2025-11-01 00:44:46,703 - Pruned node → nodes=5459, val_acc=0.6138
2025-11-01 00:44:47,310 - Pruned node → nodes=5457, val_acc=0.6149
2025-11-01 00:44:47,770 - Pruned node → nodes=5453, val_acc=0.6161
2025-11-01 00:44:50,462 - Pruned node → nodes=5441, val_acc=0.6172
2025-11-01 00:44:51,373 - Pruned node → nodes=5431, val_acc=0.6184
2025-11-01 00:44:51,984 - Pruned node → nodes=5427, val_acc=0.6207
2025-11-01 00:44:52,669 - Pruned node → nodes=5425, val_acc=0.6218
2025-11-01 00:44:55,067 - Pruned node → nodes=5399, val_acc=0.6230
2025-11-01 00:44:55,712 - Pruned node → nodes=5387, val_acc=0.6241
2025-11-01 00:44:57,277 - Pruned node → nodes=5359, val_acc=0.6264
2025-11-01 00:44:58,255 - Pruned node → nodes=5355, val_acc=0.6276
2025-11-01 00:45:00,314 - Pruned node → nodes=5353, val_acc=0.6287
2025-11-01 00:45:01,106 - Pruned node → nodes=5341, val_acc=0.6299
2025-11-01 00:45:01,833 - Pruned node → nodes=5339, val_acc=0.6310
2025-11-01 00:45:03,105 - Pruned node → nodes=5337, val_acc=0.6322
2025-11-01 00:45:03,935 - Pruned node → nodes=5333, val_acc=0.6345
2025-11-01 00:45:04,763 - Pruned node → nodes=5331, val_acc=0.6356
2025-11-01 00:45:06,540 - Pruned node → nodes=5327, val_acc=0.6368
2025-11-01 00:45:07,296 - Pruned node → nodes=5317, val_acc=0.6379
2025-11-01 00:45:08,233 - Pruned node → nodes=5313, val_acc=0.6391
2025-11-01 00:45:08,691 - Pruned node → nodes=5311, val_acc=0.6402
2025-11-01 00:45:09,150 - Pruned node → nodes=5305, val_acc=0.6414
2025-11-01 00:45:10,457 - Pruned node → nodes=5303, val_acc=0.6425
2025-11-01 00:45:11,036 - Pruned node → nodes=5277, val_acc=0.6437
2025-11-01 00:45:11,970 - Pruned node → nodes=5267, val_acc=0.6448
2025-11-01 00:45:12,395 - Pruned node → nodes=5265, val_acc=0.6460
2025-11-01 00:45:13,036 - Pruned node → nodes=5251, val_acc=0.6471
2025-11-01 00:45:14,264 - Pruned node → nodes=5237, val_acc=0.6483
2025-11-01 00:45:15,165 - Pruned node → nodes=5213, val_acc=0.6494
2025-11-01 00:45:15,588 - Pruned node → nodes=5207, val_acc=0.6506
2025-11-01 00:45:16,525 - Pruned node → nodes=5191, val_acc=0.6517
2025-11-01 00:45:17,243 - Pruned node → nodes=5177, val_acc=0.6540
2025-11-01 00:45:18,554 - Pruned node → nodes=5161, val_acc=0.6552
2025-11-01 00:45:20,596 - Pruned node → nodes=5101, val_acc=0.6563
2025-11-01 00:45:21,459 - Pruned node → nodes=5085, val_acc=0.6575
2025-11-01 00:45:21,988 - Pruned node → nodes=5077, val_acc=0.6586
2025-11-01 00:45:22,991 - Pruned node → nodes=5075, val_acc=0.6598
2025-11-01 00:45:24,555 - Pruned node → nodes=5057, val_acc=0.6609
2025-11-01 00:45:25,892 - Pruned node → nodes=5051, val_acc=0.6621
2025-11-01 00:45:26,352 - Pruned node → nodes=5049, val_acc=0.6632
2025-11-01 00:45:27,644 - Pruned node → nodes=5023, val_acc=0.6644
2025-11-01 00:45:28,938 - Pruned node → nodes=5021, val_acc=0.6667
2025-11-01 00:45:29,723 - Pruned node → nodes=5015, val_acc=0.6678
2025-11-01 00:45:30,437 - Pruned node → nodes=5013, val_acc=0.6690
2025-11-01 00:45:31,154 - Pruned node → nodes=4979, val_acc=0.6713
2025-11-01 00:45:32,305 - Pruned node → nodes=4975, val_acc=0.6724
2025-11-01 00:45:33,088 - Pruned node → nodes=4939, val_acc=0.6736
2025-11-01 00:45:33,870 - Pruned node → nodes=4935, val_acc=0.6747
2025-11-01 00:45:34,693 - Pruned node → nodes=4933, val_acc=0.6759
2025-11-01 00:45:35,445 - Pruned node → nodes=4929, val_acc=0.6770
2025-11-01 00:45:35,919 - Pruned node → nodes=4927, val_acc=0.6782
2025-11-01 00:45:36,805 - Pruned node → nodes=4921, val_acc=0.6793
2025-11-01 00:45:37,444 - Pruned node → nodes=4895, val_acc=0.6805
2025-11-01 00:45:38,725 - Pruned node → nodes=4887, val_acc=0.6816
2025-11-01 00:45:39,351 - Pruned node → nodes=4883, val_acc=0.6828
2025-11-01 00:45:40,102 - Pruned node → nodes=4865, val_acc=0.6851
2025-11-01 00:45:41,402 - Pruned node → nodes=4857, val_acc=0.6862
2025-11-01 00:45:42,170 - Pruned node → nodes=4853, val_acc=0.6874
2025-11-01 00:45:43,082 - Pruned node → nodes=4835, val_acc=0.6885
2025-11-01 00:45:44,305 - Pruned node → nodes=4821, val_acc=0.6908
2025-11-01 00:45:45,840 - Pruned node → nodes=4791, val_acc=0.6954
2025-11-01 00:45:46,302 - Pruned node → nodes=4787, val_acc=0.6966
2025-11-01 00:45:47,144 - Pruned node → nodes=4777, val_acc=0.6977
2025-11-01 00:45:48,683 - Pruned node → nodes=4773, val_acc=0.6989
2025-11-01 00:45:49,440 - Pruned node → nodes=4769, val_acc=0.7000
2025-11-01 00:45:49,972 - Pruned node → nodes=4767, val_acc=0.7034
2025-11-01 00:45:51,039 - Pruned node → nodes=4749, val_acc=0.7046
2025-11-01 00:45:52,078 - Pruned node → nodes=4745, val_acc=0.7057
2025-11-01 00:45:52,897 - Pruned node → nodes=4743, val_acc=0.7069
2025-11-01 00:45:53,535 - Pruned node → nodes=4729, val_acc=0.7080
2025-11-01 00:45:54,275 - Pruned node → nodes=4723, val_acc=0.7092
2025-11-01 00:45:57,176 - Pruned node → nodes=4713, val_acc=0.7103
2025-11-01 00:45:57,897 - Pruned node → nodes=4707, val_acc=0.7115
2025-11-01 00:45:58,397 - Pruned node → nodes=4701, val_acc=0.7126
2025-11-01 00:45:59,260 - Pruned node → nodes=4681, val_acc=0.7138
2025-11-01 00:46:00,262 - Pruned node → nodes=4667, val_acc=0.7149
2025-11-01 00:46:00,800 - Pruned node → nodes=4639, val_acc=0.7161
2025-11-01 00:46:02,066 - Pruned node → nodes=4629, val_acc=0.7172
2025-11-01 00:46:03,816 - Pruned node → nodes=4619, val_acc=0.7184
2025-11-01 00:46:04,447 - Pruned node → nodes=4617, val_acc=0.7195
2025-11-01 00:46:05,220 - Pruned node → nodes=4615, val_acc=0.7218
2025-11-01 00:46:06,242 - Pruned node → nodes=4601, val_acc=0.7230
2025-11-01 00:46:08,025 - Pruned node → nodes=4597, val_acc=0.7241
2025-11-01 00:46:09,304 - Pruned node → nodes=4593, val_acc=0.7253
2025-11-01 00:46:10,150 - Pruned node → nodes=4591, val_acc=0.7264
2025-11-01 00:46:10,824 - Pruned node → nodes=4581, val_acc=0.7287
2025-11-01 00:46:11,288 - Pruned node → nodes=4579, val_acc=0.7299
2025-11-01 00:46:11,971 - Pruned node → nodes=4577, val_acc=0.7310
2025-11-01 00:46:13,811 - Pruned node → nodes=4555, val_acc=0.7322
2025-11-01 00:46:15,270 - Pruned node → nodes=4553, val_acc=0.7333
2025-11-01 00:46:15,795 - Pruned node → nodes=4541, val_acc=0.7356
2025-11-01 00:46:16,207 - Pruned node → nodes=4539, val_acc=0.7368
2025-11-01 00:46:16,870 - Pruned node → nodes=4533, val_acc=0.7379
2025-11-01 00:46:18,598 - Pruned node → nodes=4529, val_acc=0.7391
2025-11-01 00:46:19,694 - Pruned node → nodes=4509, val_acc=0.7402
2025-11-01 00:46:20,107 - Pruned node → nodes=4507, val_acc=0.7414
2025-11-01 00:46:20,952 - Pruned node → nodes=4487, val_acc=0.7425
2025-11-01 00:46:23,015 - Pruned node → nodes=4473, val_acc=0.7437
2025-11-01 00:46:23,830 - Pruned node → nodes=4469, val_acc=0.7448
2025-11-01 00:46:24,290 - Pruned node → nodes=4465, val_acc=0.7460
2025-11-01 00:46:24,791 - Pruned node → nodes=4459, val_acc=0.7471
2025-11-01 00:46:26,297 - Pruned node → nodes=4457, val_acc=0.7483
2025-11-01 00:46:27,093 - Pruned node → nodes=4435, val_acc=0.7494
2025-11-01 00:46:27,951 - Pruned node → nodes=4433, val_acc=0.7506
2025-11-01 00:46:29,263 - Pruned node → nodes=4425, val_acc=0.7517
2025-11-01 00:46:30,263 - Pruned node → nodes=4423, val_acc=0.7529
2025-11-01 00:46:31,133 - Pruned node → nodes=4421, val_acc=0.7540
2025-11-01 00:46:31,919 - Pruned node → nodes=4419, val_acc=0.7552
2025-11-01 00:46:32,544 - Pruned node → nodes=4417, val_acc=0.7575
2025-11-01 00:46:33,275 - Pruned node → nodes=4407, val_acc=0.7598
2025-11-01 00:46:33,903 - Pruned node → nodes=4401, val_acc=0.7609
2025-11-01 00:46:35,860 - Pruned node → nodes=4391, val_acc=0.7621
2025-11-01 00:46:36,812 - Pruned node → nodes=4389, val_acc=0.7632
2025-11-01 00:46:37,834 - Pruned node → nodes=4387, val_acc=0.7644
2025-11-01 00:46:39,099 - Pruned node → nodes=4359, val_acc=0.7667
2025-11-01 00:46:39,832 - Pruned node → nodes=4357, val_acc=0.7678
2025-11-01 00:46:40,529 - Pruned node → nodes=4353, val_acc=0.7690
2025-11-01 00:46:41,085 - Pruned node → nodes=4349, val_acc=0.7701
2025-11-01 00:46:41,569 - Pruned node → nodes=4345, val_acc=0.7713
2025-11-01 00:46:42,265 - Pruned node → nodes=4343, val_acc=0.7724
2025-11-01 00:46:43,033 - Pruned node → nodes=4321, val_acc=0.7736
2025-11-01 00:46:43,444 - Pruned node → nodes=4319, val_acc=0.7747
2025-11-01 00:46:44,105 - Pruned node → nodes=4303, val_acc=0.7759
2025-11-01 00:46:44,835 - Pruned node → nodes=4293, val_acc=0.7770
2025-11-01 00:46:46,029 - Pruned node → nodes=4285, val_acc=0.7782
2025-11-01 00:46:46,976 - Pruned node → nodes=4265, val_acc=0.7793
2025-11-01 00:46:47,527 - Pruned node → nodes=4261, val_acc=0.7805
2025-11-01 00:46:48,750 - Bottom-up pruning complete. Final nodes=4261, best_val_acc=0.7805
Saved plot: plots/prune_curve_depth_45.png

Finished all depths!
yscl4@yscl4:~/trishanku/IITD_MSR_1stSem/ML_ASSIGNMENT_A3/Q1/question_d$ 